<html>
<body>
<pre>
<h1>µVision Build Log</h1>
<h2>Tool Versions:</h2>
IDE-Version: µVision V5.37.0.0
Copyright (C) 2022 ARM Ltd and ARM Germany GmbH. All rights reserved.
License Information: Zubair Almaghribi, University of Plymouth, LIC=----
 
Tool Versions:
Toolchain:       MDK-Lite  Version: 5.37.0.0
Toolchain Path:  C:\Keil_v5\ARM\ARMCLANG\Bin
C Compiler:      ArmClang.exe V6.18
Assembler:       Armasm.exe V6.18
Linker/Locator:  ArmLink.exe V6.18
Library Manager: ArmAr.exe V6.18
Hex Converter:   FromElf.exe V6.18
CPU DLL:         SARMCM3.DLL V5.37.0.0
Dialog DLL:      DCM.DLL V1.17.5.0
Target DLL:      STLink\ST-LINKIII-KEIL_SWO.dll V3.0.9.0
Dialog DLL:      TCM.DLL V1.56.1.0
 
<h2>Project:</h2>
C:\Users\user\Desktop\Stud\CW\CW.uvprojx
Project File Date:  12/08/2022

<h2>Output:</h2>
*** Using Compiler 'V6.18', folder: 'C:\Keil_v5\ARM\ARMCLANG\Bin'
Build target 'Target 1'
main.c(1440): warning: incompatible pointer to integer conversion assigning to 'volatile uint32_t' (aka 'volatile unsigned int') from 'uint16_t[128]' (aka 'unsigned short[128]') [-Wint-conversion]
                                                                                                                                                                                        DAC->DHR12R2=POT;
                                                                                                                                                                                                    ^~~~
main.c(1481): warning: incompatible pointer to integer conversion assigning to 'volatile uint32_t' (aka 'volatile unsigned int') from 'uint16_t[128]' (aka 'unsigned short[128]') [-Wint-conversion]
                                                                                                                                                                                        DAC->DHR12R2=MIC;
                                                                                                                                                                                                    ^~~~
main.c(1514): warning: passing 'const uint16_t[128]' (aka 'const unsigned short[128]') to parameter of type 'uint16_t *' (aka 'unsigned short *') discards qualifiers [-Wincompatible-pointer-types-discards-qualifiers]
                                                                                                                                init_DAC2(function);
                                                                                                                                          ^~~~~~~~
./DAC.h(6): note: passing argument to parameter 's' here
void init_DAC2(uint16_t s[]);
                        ^
3 warnings generated.
compiling main.c...
linking...
Program Size: Code=24532 RO-data=1820 RW-data=4 ZI-data=1736  
".\Objects\CW.axf" - 0 Error(s), 3 Warning(s).

<h2>Software Packages used:</h2>

Package Vendor: ARM
                http://www.keil.com/pack/ARM.CMSIS.5.9.0.pack
                ARM.CMSIS.5.9.0
                CMSIS (Common Microcontroller Software Interface Standard)
   * Component: CORE Version: 5.6.0

Package Vendor: Keil
                http://www.keil.com/pack/Keil.STM32F4xx_DFP.2.16.0.pack
                Keil.STM32F4xx_DFP.2.16.0
                STMicroelectronics STM32F4 Series Device Support, Drivers and Examples
   * Component: Startup Version: 2.6.3

<h2>Collection of Component include folders:</h2>
  ./RTE/_Target_1
  C:/Users/user/AppData/Local/Arm/Packs/ARM/CMSIS/5.9.0/CMSIS/Core/Include
  C:/Users/user/AppData/Local/Arm/Packs/Keil/STM32F4xx_DFP/2.16.0/Drivers/CMSIS/Device/ST/STM32F4xx/Include

<h2>Collection of Component Files used:</h2>

   * Component: ARM::CMSIS:CORE:5.6.0

   * Component: Keil::Device:Startup:2.6.3
      Source file:   MDK/Device/Source/ARM/STM32F4xx_OTP.s
      Source file:   Drivers/CMSIS/Device/ST/STM32F4xx/Source/Templates/arm/startup_stm32f429xx.s
      Include file:  Drivers/CMSIS/Device/ST/STM32F4xx/Include/stm32f4xx.h
      Source file:   MDK/Device/Source/ARM/STM32F42xxx_43xxx_OPT.s
      Source file:   Drivers/CMSIS/Device/ST/STM32F4xx/Source/Templates/system_stm32f4xx.c
Build Time Elapsed:  00:00:00
</pre>
</body>
</html>
