Component: Arm Compiler for Embedded 6.18 Tool: armlink [5e4cc100]

==============================================================================

Section Cross References

    main.o(.text.main) refers to adc.o(.text.PLL_Config) for PLL_Config
    main.o(.text.main) refers to system_stm32f4xx.o(.text.SystemCoreClockUpdate) for SystemCoreClockUpdate
    main.o(.text.main) refers to timers_nints.o(.text.init_timer5) for init_timer5
    main.o(.text.main) refers to timers_nints.o(.text.init_timer2) for init_timer2
    main.o(.text.main) refers to timers_nints.o(.text.init_timer3) for init_timer3
    main.o(.text.main) refers to timers_nints.o(.text.init_timer4) for init_timer4
    main.o(.text.main) refers to timers_nints.o(.text.init_timer7) for init_timer7
    main.o(.text.main) refers to timers_nints.o(.text.init_timer8) for init_timer8
    main.o(.text.main) refers to lcd.o(.text.init_LCD4BIT) for init_LCD4BIT
    main.o(.text.main) refers to adc.o(.text.ADCone) for ADCone
    main.o(.text.main) refers to dac.o(.text.init_DAC1) for init_DAC1
    main.o(.text.main) refers to usart.o(.text.init_USART) for init_USART
    main.o(.text.main) refers to leds.o(.text.init_led1) for init_led1
    main.o(.text.main) refers to leds.o(.text.init_led2) for init_led2
    main.o(.text.main) refers to leds.o(.text.init_led3) for init_led3
    main.o(.text.main) refers to buzzer.o(.text.Buzzer_init) for Buzzer_init
    main.o(.text.main) refers to exti.o(.text.inputUser) for inputUser
    main.o(.text.main) refers to exti.o(.text.inputpinA) for inputpinA
    main.o(.text.main) refers to exti.o(.text.inputpinB) for inputpinB
    main.o(.text.main) refers to exti.o(.text.inputpinC) for inputpinC
    main.o(.text.main) refers to exti.o(.text.inputpinD) for inputpinD
    main.o(.text.main) refers to leds.o(.text.RGB_init) for RGB_init
    main.o(.text.main) refers to leds.o(.text.seg_init) for seg_init
    main.o(.text.main) refers to leds.o(.text.pin2_int) for pin2_int
    main.o(.text.main) refers to leds.o(.text.pin3_int) for pin3_int
    main.o(.text.main) refers to leds.o(.text.pin6_int) for pin6_int
    main.o(.text.main) refers to leds.o(.text.pin7_int) for pin7_int
    main.o(.text.main) refers to leds.o(.text.pin8_int) for pin8_int
    main.o(.text.main) refers to leds.o(.text.pin9_int) for pin9_int
    main.o(.text.main) refers to leds.o(.text.pin10_int) for pin10_int
    main.o(.text.main) refers to leds.o(.text.offp7led) for offp7led
    main.o(.text.main) refers to leds.o(.text.offp8led) for offp8led
    main.o(.text.main) refers to leds.o(.text.offp9led) for offp9led
    main.o(.text.main) refers to leds.o(.text.offGREEN) for offGREEN
    main.o(.text.main) refers to leds.o(.text.offRED) for offRED
    main.o(.text.main) refers to leds.o(.text.offYELLOW) for offYELLOW
    main.o(.text.main) refers to leds.o(.text.RED) for RED
    main.o(.text.main) refers to leds.o(.text.p7led) for p7led
    main.o(.text.main) refers to leds.o(.text.offALL) for offALL
    main.o(.text.main) refers to leds.o(.text.three) for three
    main.o(.text.main) refers to leds.o(.text.L_segment_display) for L_segment_display
    main.o(.text.main) refers to leds.o(.text.six) for six
    main.o(.text.main) refers to leds.o(.text.R_segment_display) for R_segment_display
    main.o(.text.main) refers to lcd.o(.text.commands4BIT) for commands4BIT
    main.o(.text.main) refers to main.o(.rodata.str1.1) for .L.str
    main.o(.text.main) refers to lcd.o(.text.write) for write
    main.o(.text.main) refers to timers_nints.o(.text.delay_mS) for delay_mS
    main.o(.text.main) refers to leds.o(.text.TL3) for TL3
    main.o(.text.main) refers to leds.o(.text.transmission_start) for transmission_start
    main.o(.text.main) refers to usart.o(.bss.morse) for morse
    main.o(.text.main) refers to leds.o(.text.dot) for dot
    main.o(.text.main) refers to leds.o(.text.dash) for dash
    main.o(.text.main) refers to adc.o(.bss.samples) for samples
    main.o(.text.main) refers to leds.o(.text.transmission_end) for transmission_end
    main.o(.text.main) refers to printf.o(.text) for printf
    main.o(.text.main) refers to strcmpv7em.o(.text) for strcmp
    main.o(.text.main) refers to lcd.o(.text.LCDprint4BIT) for LCDprint4BIT
    main.o(.text.main) refers to leds.o(.text.white) for white
    main.o(.text.main) refers to usart.o(.bss.a) for a
    main.o(.text.main) refers to dac.o(.text.usartV) for usartV
    main.o(.text.main) refers to dac.o(.text.output_dac1) for output_dac1
    main.o(.text.main) refers to dac.o(.text.init_DAC2) for init_DAC2
    main.o(.text.main) refers to dac.o(.rodata.function) for function
    main.o(.ARM.exidx.text.main) refers to main.o(.text.main) for [Anonymous Symbol]
    main.o(.ARM.exidx.text.TIM3_IRQHandler) refers to main.o(.text.TIM3_IRQHandler) for [Anonymous Symbol]
    main.o(.ARM.exidx.text.TIM7_IRQHandler) refers to main.o(.text.TIM7_IRQHandler) for [Anonymous Symbol]
[...]
    [Anonymous Symbol]                       0x08001fd8   Section        0  leds.o(.text.init_led1)
    [Anonymous Symbol]                       0x08002004   Section        0  leds.o(.text.init_led2)
    [Anonymous Symbol]                       0x08002030   Section        0  leds.o(.text.init_led3)
    [Anonymous Symbol]                       0x0800205c   Section        0  lcd.o(.text.init_port)
    [Anonymous Symbol]                       0x08002090   Section        0  timers_nints.o(.text.init_timer2)
    [Anonymous Symbol]                       0x080020e0   Section        0  timers_nints.o(.text.init_timer3)
    [Anonymous Symbol]                       0x08002160   Section        0  timers_nints.o(.text.init_timer4)
    [Anonymous Symbol]                       0x080021d4   Section        0  timers_nints.o(.text.init_timer5)
    [Anonymous Symbol]                       0x0800221c   Section        0  timers_nints.o(.text.init_timer7)
    [Anonymous Symbol]                       0x0800229c   Section        0  timers_nints.o(.text.init_timer8)
    [Anonymous Symbol]                       0x080022e4   Section        0  exti.o(.text.inputUser)
    [Anonymous Symbol]                       0x080022f8   Section        0  exti.o(.text.inputpinA)
    [Anonymous Symbol]                       0x08002334   Section        0  exti.o(.text.inputpinB)
    [Anonymous Symbol]                       0x08002370   Section        0  exti.o(.text.inputpinC)
    [Anonymous Symbol]                       0x080023b4   Section        0  exti.o(.text.inputpinD)
    [Anonymous Symbol]                       0x080023f8   Section        0  leds.o(.text.left_seg)
    [Anonymous Symbol]                       0x08002470   Section        0  main.o(.text.main)
    [Anonymous Symbol]                       0x08004a70   Section        0  leds.o(.text.offALL)
    [Anonymous Symbol]                       0x08004a90   Section        0  leds.o(.text.offGREEN)
    [Anonymous Symbol]                       0x08004aa0   Section        0  leds.o(.text.offRED)
    [Anonymous Symbol]                       0x08004ab0   Section        0  leds.o(.text.offYELLOW)
    [Anonymous Symbol]                       0x08004ac0   Section        0  leds.o(.text.offp7led)
    [Anonymous Symbol]                       0x08004ad0   Section        0  leds.o(.text.offp8led)
    [Anonymous Symbol]                       0x08004ae0   Section        0  leds.o(.text.offp9led)
    [Anonymous Symbol]                       0x08004af0   Section        0  leds.o(.text.offseg)
    [Anonymous Symbol]                       0x08004b2c   Section        0  leds.o(.text.offwhite)
    [Anonymous Symbol]                       0x08004b3c   Section        0  dac.o(.text.output_dac1)
    [Anonymous Symbol]                       0x08004b58   Section        0  leds.o(.text.p7led)
    [Anonymous Symbol]                       0x08004b68   Section        0  leds.o(.text.p8led)
    [Anonymous Symbol]                       0x08004b78   Section        0  leds.o(.text.p9led)
    [Anonymous Symbol]                       0x08004b88   Section        0  leds.o(.text.pin10_int)
    [Anonymous Symbol]                       0x08004bc4   Section        0  leds.o(.text.pin2_int)
    [Anonymous Symbol]                       0x08004c00   Section        0  leds.o(.text.pin3_int)
    [Anonymous Symbol]                       0x08004c3c   Section        0  leds.o(.text.pin6_int)
    [Anonymous Symbol]                       0x08004c78   Section        0  leds.o(.text.pin7_int)
    [Anonymous Symbol]                       0x08004cb4   Section        0  leds.o(.text.pin8_int)
    [Anonymous Symbol]                       0x08004cf0   Section        0  leds.o(.text.pin9_int)
    [Anonymous Symbol]                       0x08004d2c   Section        0  leds.o(.text.right_seg)
    [Anonymous Symbol]                       0x08004da4   Section        0  leds.o(.text.samples0)
    [Anonymous Symbol]                       0x0800508c   Section        0  leds.o(.text.samples1)
    [Anonymous Symbol]                       0x08005374   Section        0  leds.o(.text.samples2)
    [Anonymous Symbol]                       0x0800565c   Section        0  leds.o(.text.seg_init)
    [Anonymous Symbol]                       0x0800573c   Section        0  usart.o(.text.send_usart)
    [Anonymous Symbol]                       0x0800576c   Section        0  lcd.o(.text.set_data4BIT)
    [Anonymous Symbol]                       0x080057dc   Section        0  leds.o(.text.six)
    [Anonymous Symbol]                       0x08005804   Section        0  leds.o(.text.three)
    [Anonymous Symbol]                       0x08005828   Section        0  leds.o(.text.transmission_end)
    [Anonymous Symbol]                       0x08005864   Section        0  leds.o(.text.transmission_start)
    [Anonymous Symbol]                       0x0800589c   Section        0  dac.o(.text.usartV)
    [Anonymous Symbol]                       0x08005900   Section        0  leds.o(.text.white)
    [Anonymous Symbol]                       0x08005910   Section        0  lcd.o(.text.write)
    CL$$btod_d2e                             0x08005934   Section       62  btod.o(CL$$btod_d2e)
    CL$$btod_d2e_denorm_low                  0x08005972   Section       70  btod.o(CL$$btod_d2e_denorm_low)
    CL$$btod_d2e_norm_op1                    0x080059b8   Section       96  btod.o(CL$$btod_d2e_norm_op1)
    CL$$btod_div_common                      0x08005a18   Section      824  btod.o(CL$$btod_div_common)
    CL$$btod_e2e                             0x08005d50   Section      220  btod.o(CL$$btod_e2e)
    CL$$btod_ediv                            0x08005e2c   Section       42  btod.o(CL$$btod_ediv)
    CL$$btod_emul                            0x08005e56   Section       42  btod.o(CL$$btod_emul)
    CL$$btod_mult_common                     0x08005e80   Section      580  btod.o(CL$$btod_mult_common)
    i.__ARM_fpclassify                       0x080060c4   Section        0  fpclassify.o(i.__ARM_fpclassify)
    i._is_digit                              0x080060f4   Section        0  __printf_wp.o(i._is_digit)
    locale$$code                             0x08006104   Section       44  lc_numeric_c.o(locale$$code)
    locale$$code                             0x08006130   Section       44  lc_ctype_c.o(locale$$code)
    $v0                                      0x0800615c   Number         0  fpinit.o(x$fpl$fpinit)
    x$fpl$fpinit                             0x0800615c   Section       26  fpinit.o(x$fpl$fpinit)
    $v0                                      0x08006176   Number         0  printf1.o(x$fpl$printf1)
    x$fpl$printf1                            0x08006176   Section        4  printf1.o(x$fpl$printf1)
    $v0                                      0x0800617a   Number         0  printf2.o(x$fpl$printf2)
    x$fpl$printf2                            0x0800617a   Section        4  printf2.o(x$fpl$printf2)
    x$fpl$usenofp                            0x0800617e   Section        0  usenofp.o(x$fpl$usenofp)
    initial_mbstate                          0x08006180   Data           8  _printf_wctomb.o(.constdata)
    .constdata                               0x08006180   Section        8  _printf_wctomb.o(.constdata)
    uc_hextab                                0x08006188   Data          20  _printf_hex_int_ll_ptr.o(.constdata)
    .constdata                               0x08006188   Section       40  _printf_hex_int_ll_ptr.o(.constdata)
    lc_hextab                                0x0800619c   Data          20  _printf_hex_int_ll_ptr.o(.constdata)
    maptable                                 0x080061b0   Data          17  __printf_flags_ss_wp.o(.constdata)
    .constdata                               0x080061b0   Section       17  __printf_flags_ss_wp.o(.constdata)
    lc_hextab                                0x080061c1   Data          19  _printf_fp_hex.o(.constdata)
    .constdata                               0x080061c1   Section       38  _printf_fp_hex.o(.constdata)
    uc_hextab                                0x080061d4   Data          19  _printf_fp_hex.o(.constdata)
    tenpwrs_x                                0x080061e8   Data          60  bigflt0.o(.constdata)
    .constdata                               0x080061e8   Section      148  bigflt0.o(.constdata)
    tenpwrs_i                                0x08006224   Data          64  bigflt0.o(.constdata)
    .L.str.60                                0x0800638c   Data          26  main.o(.rodata.str1.1)
    [Anonymous Symbol]                       0x0800638c   Section        0  main.o(.rodata.str1.1)
    .L.str.49                                0x080063a3   Data           3  main.o(.rodata.str1.1)
    .L.str.19                                0x080063a6   Data           2  main.o(.rodata.str1.1)
    .L.str.18                                0x080063a8   Data           2  main.o(.rodata.str1.1)
    .L.str.56                                0x080063aa   Data          16  main.o(.rodata.str1.1)
    .L.str.52                                0x080063ba   Data          17  main.o(.rodata.str1.1)
    .L.str.9                                 0x080063c9   Data           2  main.o(.rodata.str1.1)
    .L.str.10                                0x080063cb   Data           2  main.o(.rodata.str1.1)
    .L.str.11                                0x080063cd   Data           2  main.o(.rodata.str1.1)
    .L.str.12                                0x080063cf   Data           2  main.o(.rodata.str1.1)
    .L.str.13                                0x080063d1   Data           2  main.o(.rodata.str1.1)
    .L.str.14                                0x080063d3   Data           2  main.o(.rodata.str1.1)
    .L.str.15                                0x080063d5   Data           2  main.o(.rodata.str1.1)
    .L.str.16                                0x080063d7   Data           2  main.o(.rodata.str1.1)
    .L.str.17                                0x080063d9   Data           2  main.o(.rodata.str1.1)
    .L.str.50                                0x080063db   Data          12  main.o(.rodata.str1.1)
    .L.str.20                                0x080063e5   Data           2  main.o(.rodata.str1.1)
    .L.str                                   0x080063e7   Data          16  main.o(.rodata.str1.1)
    .L.str.21                                0x080063f5   Data           2  main.o(.rodata.str1.1)
    .L.str.1                                 0x080063f7   Data          15  main.o(.rodata.str1.1)
    .L.str.65                                0x08006406   Data          15  main.o(.rodata.str1.1)
    .L.str.66                                0x0800640c   Data           9  main.o(.rodata.str1.1)
    .L.str.22                                0x08006413   Data           2  main.o(.rodata.str1.1)
    .L.str.69                                0x08006415   Data          11  main.o(.rodata.str1.1)
    .L.str.23                                0x0800641e   Data           2  main.o(.rodata.str1.1)
    .L.str.24                                0x08006420   Data           2  main.o(.rodata.str1.1)
    .L.str.25                                0x08006422   Data           2  main.o(.rodata.str1.1)
    .L.str.26                                0x08006424   Data           2  main.o(.rodata.str1.1)
    .L.str.27                                0x08006426   Data           2  main.o(.rodata.str1.1)
    .L.str.28                                0x08006428   Data           2  main.o(.rodata.str1.1)
    .L.str.29                                0x0800642a   Data           2  main.o(.rodata.str1.1)
    .L.str.30                                0x0800642c   Data           2  main.o(.rodata.str1.1)
    .L.str.31                                0x0800642e   Data           2  main.o(.rodata.str1.1)
    .L.str.32                                0x08006430   Data           2  main.o(.rodata.str1.1)
    .L.str.57                                0x08006432   Data          13  main.o(.rodata.str1.1)
    .L.str.54                                0x0800643f   Data          15  main.o(.rodata.str1.1)
    .L.str.64                                0x0800644e   Data          12  main.o(.rodata.str1.1)
    .L.str.68                                0x0800645a   Data          14  main.o(.rodata.str1.1)
    .L.str.59                                0x08006468   Data          16  main.o(.rodata.str1.1)
    .L.str.62                                0x08006478   Data          16  main.o(.rodata.str1.1)
    .L.str.33                                0x08006486   Data           2  main.o(.rodata.str1.1)
    .L.str.34                                0x08006488   Data           2  main.o(.rodata.str1.1)
    .L.str.35                                0x0800648a   Data           2  main.o(.rodata.str1.1)
    .L.str.36                                0x0800648c   Data           2  main.o(.rodata.str1.1)
    .L.str.3                                 0x0800648e   Data          16  main.o(.rodata.str1.1)
    .L.str.37                                0x0800649c   Data           2  main.o(.rodata.str1.1)
    .L.str.38                                0x0800649e   Data           2  main.o(.rodata.str1.1)
    .L.str.63                                0x080064a0   Data          15  main.o(.rodata.str1.1)
    .L.str.39                                0x080064ad   Data           2  main.o(.rodata.str1.1)
    .L.str.51                                0x080064af   Data          13  main.o(.rodata.str1.1)
    .L.str.40                                0x080064ba   Data           2  main.o(.rodata.str1.1)
    .L.str.41                                0x080064bc   Data           2  main.o(.rodata.str1.1)
    .L.str.67                                0x080064be   Data          17  main.o(.rodata.str1.1)
    .L.str.42                                0x080064cd   Data           2  main.o(.rodata.str1.1)
    .L.str.43                                0x080064cf   Data           2  main.o(.rodata.str1.1)
    .L.str.44                                0x080064d1   Data           2  main.o(.rodata.str1.1)
    .L.str.8                                 0x080064d3   Data           5  main.o(.rodata.str1.1)
    .L.str.46                                0x080064d8   Data          14  main.o(.rodata.str1.1)
    .L.str.48                                0x080064e6   Data          17  main.o(.rodata.str1.1)
    .L.str.5                                 0x080064f7   Data          14  main.o(.rodata.str1.1)
    .L.str.45                                0x08006505   Data          14  main.o(.rodata.str1.1)
    .L.str.55                                0x08006513   Data          16  main.o(.rodata.str1.1)
    .L.str.53                                0x08006523   Data          14  main.o(.rodata.str1.1)
    .L.str.6                                 0x08006531   Data          16  main.o(.rodata.str1.1)
    .L.str.4                                 0x08006541   Data          13  main.o(.rodata.str1.1)
    .L.str.2                                 0x0800654e   Data          16  main.o(.rodata.str1.1)
    .L.str.61                                0x0800655e   Data          17  main.o(.rodata.str1.1)
    .L.str.58                                0x0800656f   Data          17  main.o(.rodata.str1.1)
    .L.str.7                                 0x08006580   Data          16  main.o(.rodata.str1.1)
    .L.str.47                                0x08006590   Data          18  main.o(.rodata.str1.1)
    locale$$data                             0x080065c4   Section       28  lc_numeric_c.o(locale$$data)
    __lcnum_c_name                           0x080065c8   Data           2  lc_numeric_c.o(locale$$data)
    __lcnum_c_start                          0x080065d0   Data           0  lc_numeric_c.o(locale$$data)
    __lcnum_c_point                          0x080065dc   Data           0  lc_numeric_c.o(locale$$data)
    __lcnum_c_thousands                      0x080065de   Data           0  lc_numeric_c.o(locale$$data)
    __lcnum_c_grouping                       0x080065df   Data           0  lc_numeric_c.o(locale$$data)
    __lcnum_c_end                            0x080065e0   Data           0  lc_numeric_c.o(locale$$data)
    locale$$data                             0x080065e0   Section      272  lc_ctype_c.o(locale$$data)
    __lcctype_c_name                         0x080065e4   Data           2  lc_ctype_c.o(locale$$data)
    __lcctype_c_start                        0x080065ec   Data           0  lc_ctype_c.o(locale$$data)
    __lcctype_c_end                          0x080066f0   Data           0  lc_ctype_c.o(locale$$data)
    .bss                                     0x20000008   Section       96  libspace.o(.bss)
    Heap_Mem                                 0x200000d0   Data         512  startup_stm32f429xx.o(HEAP)
    HEAP                                     0x200000d0   Section      512  startup_stm32f429xx.o(HEAP)
    Stack_Mem                                0x200002d0   Data        1024  startup_stm32f429xx.o(STACK)
    STACK                                    0x200002d0   Section     1024  startup_stm32f429xx.o(STACK)
    __initial_sp                             0x200006d0   Data           0  startup_stm32f429xx.o(STACK)

    Global Symbols

    Symbol Name                              Value     Ov Type        Size  Object(Section)

    BuildAttributes$$THM_ISAv4$E$P$D$K$B$S$7EM$VFPi3$EXTD16$VFPS$VFMA$PE$A:L22UL41UL21$X:L11$S22US41US21$IEEE1$IW$~IW$USESV6$~STKCKD$USESV7$~SHL$OTIME$ROPI$IEEEJ$EBA8$UX$STANDARDLIB$REQ8$PRES8$EABIv2 0x00000000   Number         0  anon$$obj.o ABSOLUTE
    _printf_flags                            0x00000000   Number         0  printf_stubs.o ABSOLUTE
    _printf_return_value                     0x00000000   Number         0  printf_stubs.o ABSOLUTE
    _printf_sizespec                         0x00000000   Number         0  printf_stubs.o ABSOLUTE
    _printf_widthprec                        0x00000000   Number         0  printf_stubs.o ABSOLUTE
    __ARM_exceptions_init                     - Undefined Weak Reference
    __alloca_initialize                       - Undefined Weak Reference
    __arm_preinit_                            - Undefined Weak Reference
    __arm_relocate_pie_                       - Undefined Weak Reference
    __cpp_initialize__aeabi_                  - Undefined Weak Reference
    __cxa_finalize                            - Undefined Weak Reference
    __sigvec_lookup                           - Undefined Weak Reference
    _atexit_init                              - Undefined Weak Reference
    _call_atexit_fns                          - Undefined Weak Reference
    _clock_init                               - Undefined Weak Reference
    _fp_trap_init                             - Undefined Weak Reference
    _fp_trap_shutdown                         - Undefined Weak Reference
    _get_lc_collate                           - Undefined Weak Reference
    _get_lc_monetary                          - Undefined Weak Reference
    _get_lc_time                              - Undefined Weak Reference
    _getenv_init                              - Undefined Weak Reference
    _handle_redirection                       - Undefined Weak Reference
    _init_alloc                               - Undefined Weak Reference
    _init_user_alloc                          - Undefined Weak Reference
    _initio                                   - Undefined Weak Reference
    _mutex_acquire                            - Undefined Weak Reference
    _mutex_release                            - Undefined Weak Reference
    _printf_mbtowc                            - Undefined Weak Reference
    _printf_wc                                - Undefined Weak Reference
    _rand_init                                - Undefined Weak Reference
    _signal_finish                            - Undefined Weak Reference
    _signal_init                              - Undefined Weak Reference
    _terminate_alloc                          - Undefined Weak Reference
    _terminate_user_alloc                     - Undefined Weak Reference
    _terminateio                              - Undefined Weak Reference
    __Vectors_Size                           0x000001ac   Number         0  startup_stm32f429xx.o ABSOLUTE
    __Vectors                                0x08000000   Data           4  startup_stm32f429xx.o(RESET)
    __Vectors_End                            0x080001ac   Data           0  startup_stm32f429xx.o(RESET)
    __main                                   0x080001ad   Thumb Code     8  __main.o(!!!main)
    __scatterload                            0x080001b5   Thumb Code     0  __scatter.o(!!!scatter)
    __scatterload_rt2                        0x080001b5   Thumb Code    44  __scatter.o(!!!scatter)
    __scatterload_rt2_thumb_only             0x080001b5   Thumb Code     0  __scatter.o(!!!scatter)
    __scatterload_null                       0x080001c3   Thumb Code     0  __scatter.o(!!!scatter)
    __scatterload_copy                       0x080001e9   Thumb Code    26  __scatter_copy.o(!!handler_copy)
    __scatterload_zeroinit                   0x08000205   Thumb Code    28  __scatter_zi.o(!!handler_zi)
    _printf_n                                0x08000221   Thumb Code     0  _printf_n.o(.ARM.Collect$$_printf_percent$$00000001)
    _printf_percent                          0x08000221   Thumb Code     0  _printf_percent.o(.ARM.Collect$$_printf_percent$$00000000)
    _printf_p                                0x08000227   Thumb Code     0  _printf_p.o(.ARM.Collect$$_printf_percent$$00000002)
    _printf_f                                0x0800022d   Thumb Code     0  _printf_f.o(.ARM.Collect$$_printf_percent$$00000003)
    _printf_e                                0x08000233   Thumb Code     0  _printf_e.o(.ARM.Collect$$_printf_percent$$00000004)
    _printf_g                                0x08000239   Thumb Code     0  _printf_g.o(.ARM.Collect$$_printf_percent$$00000005)
    _printf_a                                0x0800023f   Thumb Code     0  _printf_a.o(.ARM.Collect$$_printf_percent$$00000006)
    _printf_ll                               0x08000245   Thumb Code     0  _printf_ll.o(.ARM.Collect$$_printf_percent$$00000007)
    _printf_i                                0x0800024f   Thumb Code     0  _printf_i.o(.ARM.Collect$$_printf_percent$$00000008)
    _printf_d                                0x08000255   Thumb Code     0  _printf_d.o(.ARM.Collect$$_printf_percent$$00000009)
    _printf_u                                0x0800025b   Thumb Code     0  _printf_u.o(.ARM.Collect$$_printf_percent$$0000000A)
    _printf_o                                0x08000261   Thumb Code     0  _printf_o.o(.ARM.Collect$$_printf_percent$$0000000B)
    _printf_x                                0x08000267   Thumb Code     0  _printf_x.o(.ARM.Collect$$_printf_percent$$0000000C)
    _printf_lli                              0x0800026d   Thumb Code     0  _printf_lli.o(.ARM.Collect$$_printf_percent$$0000000D)
    _printf_lld                              0x08000273   Thumb Code     0  _printf_lld.o(.ARM.Collect$$_printf_percent$$0000000E)
    _printf_llu                              0x08000279   Thumb Code     0  _printf_llu.o(.ARM.Collect$$_printf_percent$$0000000F)
    _printf_llo                              0x0800027f   Thumb Code     0  _printf_llo.o(.ARM.Collect$$_printf_percent$$00000010)
    _printf_llx                              0x08000285   Thumb Code     0  _printf_llx.o(.ARM.Collect$$_printf_percent$$00000011)
    _printf_l                                0x0800028b   Thumb Code     0  _printf_l.o(.ARM.Collect$$_printf_percent$$00000012)
    _printf_c                                0x08000295   Thumb Code     0  _printf_c.o(.ARM.Collect$$_printf_percent$$00000013)
    _printf_s                                0x0800029b   Thumb Code     0  _printf_s.o(.ARM.Collect$$_printf_percent$$00000014)
    _printf_lc                               0x080002a1   Thumb Code     0  _printf_lc.o(.ARM.Collect$$_printf_percent$$00000015)
    _printf_ls                               0x080002a7   Thumb Code     0  _printf_ls.o(.ARM.Collect$$_printf_percent$$00000016)
    _printf_percent_end                      0x080002ad   Thumb Code     0  _printf_percent_end.o(.ARM.Collect$$_printf_percent$$00000017)
    __rt_lib_init                            0x080002b1   Thumb Code     0  libinit.o(.ARM.Collect$$libinit$$00000000)
    __rt_lib_init_fp_1                       0x080002b3   Thumb Code     0  libinit2.o(.ARM.Collect$$libinit$$00000001)
    __rt_lib_init_heap_1                     0x080002b7   Thumb Code     0  libinit2.o(.ARM.Collect$$libinit$$0000000C)
    __rt_lib_init_lc_common                  0x080002b7   Thumb Code     0  libinit2.o(.ARM.Collect$$libinit$$00000011)
    __rt_lib_init_preinit_1                  0x080002b7   Thumb Code     0  libinit2.o(.ARM.Collect$$libinit$$00000006)
    __rt_lib_init_rand_1                     0x080002b7   Thumb Code     0  libinit2.o(.ARM.Collect$$libinit$$00000010)
    __rt_lib_init_relocate_pie_1             0x080002b7   Thumb Code     0  libinit2.o(.ARM.Collect$$libinit$$00000004)
    __rt_lib_init_user_alloc_1               0x080002b7   Thumb Code     0  libinit2.o(.ARM.Collect$$libinit$$0000000E)
    __rt_lib_init_lc_collate_1               0x080002bd   Thumb Code     0  libinit2.o(.ARM.Collect$$libinit$$00000013)
    __rt_lib_init_lc_ctype_2                 0x080002bd   Thumb Code     0  libinit2.o(.ARM.Collect$$libinit$$00000014)
    __rt_lib_init_lc_ctype_1                 0x080002c9   Thumb Code     0  libinit2.o(.ARM.Collect$$libinit$$00000015)
    __rt_lib_init_lc_monetary_1              0x080002c9   Thumb Code     0  libinit2.o(.ARM.Collect$$libinit$$00000017)
    __rt_lib_init_lc_numeric_2               0x080002c9   Thumb Code     0  libinit2.o(.ARM.Collect$$libinit$$00000018)
    __rt_lib_init_alloca_1                   0x080002d3   Thumb Code     0  libinit2.o(.ARM.Collect$$libinit$$00000030)
    __rt_lib_init_argv_1                     0x080002d3   Thumb Code     0  libinit2.o(.ARM.Collect$$libinit$$0000002E)
    __rt_lib_init_atexit_1                   0x080002d3   Thumb Code     0  libinit2.o(.ARM.Collect$$libinit$$0000001D)
    __rt_lib_init_clock_1                    0x080002d3   Thumb Code     0  libinit2.o(.ARM.Collect$$libinit$$00000023)
    __rt_lib_init_cpp_1                      0x080002d3   Thumb Code     0  libinit2.o(.ARM.Collect$$libinit$$00000034)
    __rt_lib_init_exceptions_1               0x080002d3   Thumb Code     0  libinit2.o(.ARM.Collect$$libinit$$00000032)
    __rt_lib_init_fp_trap_1                  0x080002d3   Thumb Code     0  libinit2.o(.ARM.Collect$$libinit$$00000021)
    __rt_lib_init_getenv_1                   0x080002d3   Thumb Code     0  libinit2.o(.ARM.Collect$$libinit$$00000025)
    __rt_lib_init_lc_numeric_1               0x080002d3   Thumb Code     0  libinit2.o(.ARM.Collect$$libinit$$00000019)
    __rt_lib_init_lc_time_1                  0x080002d3   Thumb Code     0  libinit2.o(.ARM.Collect$$libinit$$0000001B)
    __rt_lib_init_return                     0x080002d3   Thumb Code     0  libinit2.o(.ARM.Collect$$libinit$$00000035)
    __rt_lib_init_signal_1                   0x080002d3   Thumb Code     0  libinit2.o(.ARM.Collect$$libinit$$0000001F)
    __rt_lib_init_stdio_1                    0x080002d3   Thumb Code     0  libinit2.o(.ARM.Collect$$libinit$$00000027)
    __rt_lib_shutdown                        0x080002d5   Thumb Code     0  libshutdown.o(.ARM.Collect$$libshutdown$$00000000)
    __rt_lib_shutdown_cpp_1                  0x080002d7   Thumb Code     0  libshutdown2.o(.ARM.Collect$$libshutdown$$00000002)
    __rt_lib_shutdown_fp_trap_1              0x080002d7   Thumb Code     0  libshutdown2.o(.ARM.Collect$$libshutdown$$00000007)
    __rt_lib_shutdown_heap_1                 0x080002d7   Thumb Code     0  libshutdown2.o(.ARM.Collect$$libshutdown$$0000000F)
    __rt_lib_shutdown_return                 0x080002d7   Thumb Code     0  libshutdown2.o(.ARM.Collect$$libshutdown$$00000010)
    __rt_lib_shutdown_signal_1               0x080002d7   Thumb Code     0  libshutdown2.o(.ARM.Collect$$libshutdown$$0000000A)
    __rt_lib_shutdown_stdio_1                0x080002d7   Thumb Code     0  libshutdown2.o(.ARM.Collect$$libshutdown$$00000004)
    __rt_lib_shutdown_user_alloc_1           0x080002d7   Thumb Code     0  libshutdown2.o(.ARM.Collect$$libshutdown$$0000000C)
    __rt_entry                               0x080002d9   Thumb Code     0  __rtentry.o(.ARM.Collect$$rtentry$$00000000)
    __rt_entry_presh_1                       0x080002d9   Thumb Code     0  __rtentry2.o(.ARM.Collect$$rtentry$$00000002)
    __rt_entry_sh                            0x080002d9   Thumb Code     0  __rtentry4.o(.ARM.Collect$$rtentry$$00000004)
    __rt_entry_li                            0x080002df   Thumb Code     0  __rtentry2.o(.ARM.Collect$$rtentry$$0000000A)
    __rt_entry_postsh_1                      0x080002df   Thumb Code     0  __rtentry2.o(.ARM.Collect$$rtentry$$00000009)
    __rt_entry_main                          0x080002e3   Thumb Code     0  __rtentry2.o(.ARM.Collect$$rtentry$$0000000D)
    __rt_entry_postli_1                      0x080002e3   Thumb Code     0  __rtentry2.o(.ARM.Collect$$rtentry$$0000000C)
    __rt_exit                                0x080002eb   Thumb Code     0  rtexit.o(.ARM.Collect$$rtexit$$00000000)
    __rt_exit_ls                             0x080002ed   Thumb Code     0  rtexit2.o(.ARM.Collect$$rtexit$$00000003)
    __rt_exit_prels_1                        0x080002ed   Thumb Code     0  rtexit2.o(.ARM.Collect$$rtexit$$00000002)
    __rt_exit_exit                           0x080002f1   Thumb Code     0  rtexit2.o(.ARM.Collect$$rtexit$$00000004)
    Reset_Handler                            0x080002f9   Thumb Code     8  startup_stm32f429xx.o(.text)
    NMI_Handler                              0x08000301   Thumb Code     2  startup_stm32f429xx.o(.text)
    HardFault_Handler                        0x08000303   Thumb Code     2  startup_stm32f429xx.o(.text)
    MemManage_Handler                        0x08000305   Thumb Code     2  startup_stm32f429xx.o(.text)
    BusFault_Handler                         0x08000307   Thumb Code     2  startup_stm32f429xx.o(.text)
    UsageFault_Handler                       0x08000309   Thumb Code     2  startup_stm32f429xx.o(.text)
    SVC_Handler                              0x0800030b   Thumb Code     2  startup_stm32f429xx.o(.text)
    DebugMon_Handler                         0x0800030d   Thumb Code     2  startup_stm32f429xx.o(.text)
    PendSV_Handler                           0x0800030f   Thumb Code     2  startup_stm32f429xx.o(.text)
    SysTick_Handler                          0x08000311   Thumb Code     2  startup_stm32f429xx.o(.text)
    ADC_IRQHandler                           0x08000313   Thumb Code     0  startup_stm32f429xx.o(.text)
    CAN1_RX0_IRQHandler                      0x08000313   Thumb Code     0  startup_stm32f429xx.o(.text)
    CAN1_RX1_IRQHandler                      0x08000313   Thumb Code     0  startup_stm32f429xx.o(.text)
    CAN1_SCE_IRQHandler                      0x08000313   Thumb Code     0  startup_stm32f429xx.o(.text)
    CAN1_TX_IRQHandler                       0x08000313   Thumb Code     0  startup_stm32f429xx.o(.text)
    CAN2_RX0_IRQHandler                      0x08000313   Thumb Code     0  startup_stm32f429xx.o(.text)
    CAN2_RX1_IRQHandler                      0x08000313   Thumb Code     0  startup_stm32f429xx.o(.text)
    CAN2_SCE_IRQHandler                      0x08000313   Thumb Code     0  startup_stm32f429xx.o(.text)
    CAN2_TX_IRQHandler                       0x08000313   Thumb Code     0  startup_stm32f429xx.o(.text)
    DCMI_IRQHandler                          0x08000313   Thumb Code     0  startup_stm32f429xx.o(.text)
    DMA1_Stream0_IRQHandler                  0x08000313   Thumb Code     0  startup_stm32f429xx.o(.text)
    DMA1_Stream1_IRQHandler                  0x08000313   Thumb Code     0  startup_stm32f429xx.o(.text)
    DMA1_Stream2_IRQHandler                  0x08000313   Thumb Code     0  startup_stm32f429xx.o(.text)
    DMA1_Stream3_IRQHandler                  0x08000313   Thumb Code     0  startup_stm32f429xx.o(.text)
    DMA1_Stream4_IRQHandler                  0x08000313   Thumb Code     0  startup_stm32f429xx.o(.text)
    DMA1_Stream5_IRQHandler                  0x08000313   Thumb Code     0  startup_stm32f429xx.o(.text)
    DMA1_Stream6_IRQHandler                  0x08000313   Thumb Code     0  startup_stm32f429xx.o(.text)
    DMA1_Stream7_IRQHandler                  0x08000313   Thumb Code     0  startup_stm32f429xx.o(.text)
    DMA2D_IRQHandler                         0x08000313   Thumb Code     0  startup_stm32f429xx.o(.text)
    DMA2_Stream0_IRQHandler                  0x08000313   Thumb Code     0  startup_stm32f429xx.o(.text)
    DMA2_Stream1_IRQHandler                  0x08000313   Thumb Code     0  startup_stm32f429xx.o(.text)
    DMA2_Stream2_IRQHandler                  0x08000313   Thumb Code     0  startup_stm32f429xx.o(.text)
    DMA2_Stream3_IRQHandler                  0x08000313   Thumb Code     0  startup_stm32f429xx.o(.text)
    DMA2_Stream4_IRQHandler                  0x08000313   Thumb Code     0  startup_stm32f429xx.o(.text)
    DMA2_Stream5_IRQHandler                  0x08000313   Thumb Code     0  startup_stm32f429xx.o(.text)
    DMA2_Stream6_IRQHandler                  0x08000313   Thumb Code     0  startup_stm32f429xx.o(.text)
    DMA2_Stream7_IRQHandler                  0x08000313   Thumb Code     0  startup_stm32f429xx.o(.text)
    ETH_IRQHandler                           0x08000313   Thumb Code     0  startup_stm32f429xx.o(.text)
    ETH_WKUP_IRQHandler                      0x08000313   Thumb Code     0  startup_stm32f429xx.o(.text)
    EXTI0_IRQHandler                         0x08000313   Thumb Code     0  startup_stm32f429xx.o(.text)
    EXTI15_10_IRQHandler                     0x08000313   Thumb Code     0  startup_stm32f429xx.o(.text)
    EXTI1_IRQHandler                         0x08000313   Thumb Code     0  startup_stm32f429xx.o(.text)
    EXTI2_IRQHandler                         0x08000313   Thumb Code     0  startup_stm32f429xx.o(.text)
    EXTI3_IRQHandler                         0x08000313   Thumb Code     0  startup_stm32f429xx.o(.text)
    EXTI4_IRQHandler                         0x08000313   Thumb Code     0  startup_stm32f429xx.o(.text)
    EXTI9_5_IRQHandler                       0x08000313   Thumb Code     0  startup_stm32f429xx.o(.text)
    FLASH_IRQHandler                         0x08000313   Thumb Code     0  startup_stm32f429xx.o(.text)
    FMC_IRQHandler                           0x08000313   Thumb Code     0  startup_stm32f429xx.o(.text)
    FPU_IRQHandler                           0x08000313   Thumb Code     0  startup_stm32f429xx.o(.text)
    HASH_RNG_IRQHandler                      0x08000313   Thumb Code     0  startup_stm32f429xx.o(.text)
    I2C1_ER_IRQHandler                       0x08000313   Thumb Code     0  startup_stm32f429xx.o(.text)
    I2C1_EV_IRQHandler                       0x08000313   Thumb Code     0  startup_stm32f429xx.o(.text)
    I2C2_ER_IRQHandler                       0x08000313   Thumb Code     0  startup_stm32f429xx.o(.text)
    I2C2_EV_IRQHandler                       0x08000313   Thumb Code     0  startup_stm32f429xx.o(.text)
    I2C3_ER_IRQHandler                       0x08000313   Thumb Code     0  startup_stm32f429xx.o(.text)
    I2C3_EV_IRQHandler                       0x08000313   Thumb Code     0  startup_stm32f429xx.o(.text)
    LTDC_ER_IRQHandler                       0x08000313   Thumb Code     0  startup_stm32f429xx.o(.text)
    LTDC_IRQHandler                          0x08000313   Thumb Code     0  startup_stm32f429xx.o(.text)
    OTG_FS_IRQHandler                        0x08000313   Thumb Code     0  startup_stm32f429xx.o(.text)
    OTG_FS_WKUP_IRQHandler                   0x08000313   Thumb Code     0  startup_stm32f429xx.o(.text)
    OTG_HS_EP1_IN_IRQHandler                 0x08000313   Thumb Code     0  startup_stm32f429xx.o(.text)
    OTG_HS_EP1_OUT_IRQHandler                0x08000313   Thumb Code     0  startup_stm32f429xx.o(.text)
    OTG_HS_IRQHandler                        0x08000313   Thumb Code     0  startup_stm32f429xx.o(.text)
    OTG_HS_WKUP_IRQHandler                   0x08000313   Thumb Code     0  startup_stm32f429xx.o(.text)
    PVD_IRQHandler                           0x08000313   Thumb Code     0  startup_stm32f429xx.o(.text)
    RCC_IRQHandler                           0x08000313   Thumb Code     0  startup_stm32f429xx.o(.text)
    RTC_Alarm_IRQHandler                     0x08000313   Thumb Code     0  startup_stm32f429xx.o(.text)
    RTC_WKUP_IRQHandler                      0x08000313   Thumb Code     0  startup_stm32f429xx.o(.text)
    SAI1_IRQHandler                          0x08000313   Thumb Code     0  startup_stm32f429xx.o(.text)
    SDIO_IRQHandler                          0x08000313   Thumb Code     0  startup_stm32f429xx.o(.text)
    SPI1_IRQHandler                          0x08000313   Thumb Code     0  startup_stm32f429xx.o(.text)
    SPI2_IRQHandler                          0x08000313   Thumb Code     0  startup_stm32f429xx.o(.text)
    SPI3_IRQHandler                          0x08000313   Thumb Code     0  startup_stm32f429xx.o(.text)
    SPI4_IRQHandler                          0x08000313   Thumb Code     0  startup_stm32f429xx.o(.text)
    SPI5_IRQHandler                          0x08000313   Thumb Code     0  startup_stm32f429xx.o(.text)
    SPI6_IRQHandler                          0x08000313   Thumb Code     0  startup_stm32f429xx.o(.text)
    TAMP_STAMP_IRQHandler                    0x08000313   Thumb Code     0  startup_stm32f429xx.o(.text)
    TIM1_BRK_TIM9_IRQHandler                 0x08000313   Thumb Code     0  startup_stm32f429xx.o(.text)
    TIM1_CC_IRQHandler                       0x08000313   Thumb Code     0  startup_stm32f429xx.o(.text)
    TIM1_TRG_COM_TIM11_IRQHandler            0x08000313   Thumb Code     0  startup_stm32f429xx.o(.text)
    TIM2_IRQHandler                          0x08000313   Thumb Code     0  startup_stm32f429xx.o(.text)
    TIM5_IRQHandler                          0x08000313   Thumb Code     0  startup_stm32f429xx.o(.text)
    TIM6_DAC_IRQHandler                      0x08000313   Thumb Code     0  startup_stm32f429xx.o(.text)
    TIM8_BRK_TIM12_IRQHandler                0x08000313   Thumb Code     0  startup_stm32f429xx.o(.text)
    TIM8_CC_IRQHandler                       0x08000313   Thumb Code     0  startup_stm32f429xx.o(.text)
    TIM8_TRG_COM_TIM14_IRQHandler            0x08000313   Thumb Code     0  startup_stm32f429xx.o(.text)
    TIM8_UP_TIM13_IRQHandler                 0x08000313   Thumb Code     0  startup_stm32f429xx.o(.text)
    UART4_IRQHandler                         0x08000313   Thumb Code     0  startup_stm32f429xx.o(.text)
    UART5_IRQHandler                         0x08000313   Thumb Code     0  startup_stm32f429xx.o(.text)
    UART7_IRQHandler                         0x08000313   Thumb Code     0  startup_stm32f429xx.o(.text)
    UART8_IRQHandler                         0x08000313   Thumb Code     0  startup_stm32f429xx.o(.text)
    USART1_IRQHandler                        0x08000313   Thumb Code     0  startup_stm32f429xx.o(.text)
    USART2_IRQHandler                        0x08000313   Thumb Code     0  startup_stm32f429xx.o(.text)
    USART6_IRQHandler                        0x08000313   Thumb Code     0  startup_stm32f429xx.o(.text)
    WWDG_IRQHandler                          0x08000313   Thumb Code     0  startup_stm32f429xx.o(.text)
    __user_initial_stackheap                 0x08000315   Thumb Code     0  startup_stm32f429xx.o(.text)
    printf                                   0x08000339   Thumb Code    20  printf.o(.text)
    strcmp                                   0x08000351   Thumb Code   124  strcmpv7em.o(.text)
    __use_two_region_memory                  0x080003cd   Thumb Code     2  heapauxi.o(.text)
    __rt_heap_escrow$2region                 0x080003cf   Thumb Code     2  heapauxi.o(.text)
    __rt_heap_expand$2region                 0x080003d1   Thumb Code     2  heapauxi.o(.text)
    _printf_pre_padding                      0x080003d3   Thumb Code    44  _printf_pad.o(.text)
    _printf_post_padding                     0x080003ff   Thumb Code    34  _printf_pad.o(.text)
    _printf_truncate_signed                  0x08000421   Thumb Code    18  _printf_truncate.o(.text)
    _printf_truncate_unsigned                0x08000433   Thumb Code    18  _printf_truncate.o(.text)
    _printf_str                              0x08000445   Thumb Code    82  _printf_str.o(.text)
    _printf_int_dec                          0x08000499   Thumb Code   104  _printf_dec.o(.text)
    _printf_charcount                        0x08000511   Thumb Code    40  _printf_charcount.o(.text)
    _printf_char_file                        0x08000539   Thumb Code    32  _printf_char_file.o(.text)
    _printf_wctomb                           0x0800055d   Thumb Code   182  _printf_wctomb.o(.text)
    _printf_longlong_dec                     0x08000619   Thumb Code   108  _printf_longlong_dec.o(.text)
    _printf_longlong_oct                     0x08000695   Thumb Code    68  _printf_oct_int_ll.o(.text)
    _printf_int_oct                          0x080006d9   Thumb Code    24  _printf_oct_int_ll.o(.text)
    _printf_ll_oct                           0x080006f1   Thumb Code    12  _printf_oct_int_ll.o(.text)
    _printf_longlong_hex                     0x08000705   Thumb Code    86  _printf_hex_int_ll_ptr.o(.text)
    _printf_int_hex                          0x0800075b   Thumb Code    28  _printf_hex_int_ll_ptr.o(.text)
    _printf_ll_hex                           0x08000777   Thumb Code    12  _printf_hex_int_ll_ptr.o(.text)
    _printf_hex_ptr                          0x08000783   Thumb Code    18  _printf_hex_int_ll_ptr.o(.text)
    __printf                                 0x08000799   Thumb Code   388  __printf_flags_ss_wp.o(.text)
    _ll_udiv10                               0x08000921   Thumb Code   138  lludiv10.o(.text)
    _printf_int_common                       0x080009ab   Thumb Code   178  _printf_intcommon.o(.text)
    _printf_fp_dec_real                      0x08000c0d   Thumb Code   620  _printf_fp_dec.o(.text)
    _printf_fp_hex_real                      0x08000e79   Thumb Code   756  _printf_fp_hex.o(.text)
    _printf_char_common                      0x0800117f   Thumb Code    32  _printf_char_common.o(.text)
    _printf_cs_common                        0x080011a5   Thumb Code    20  _printf_char.o(.text)
    _printf_char                             0x080011b9   Thumb Code    16  _printf_char.o(.text)
    _printf_string                           0x080011c9   Thumb Code     8  _printf_char.o(.text)
    _printf_lcs_common                       0x080011d1   Thumb Code    20  _printf_wchar.o(.text)
    _printf_wchar                            0x080011e5   Thumb Code    16  _printf_wchar.o(.text)
    _printf_wstring                          0x080011f5   Thumb Code     8  _printf_wchar.o(.text)
    ferror                                   0x080011fd   Thumb Code     8  ferror.o(.text)
    _c16rtomb                                0x08001205   Thumb Code    72  _c16rtomb.o(.text)
    _wcrtomb                                 0x08001205   Thumb Code     0  _c16rtomb.o(.text)
    __user_setup_stackheap                   0x0800124d   Thumb Code    74  sys_stackheap_outer.o(.text)
    __rt_ctype_table                         0x08001299   Thumb Code    16  rt_ctype_table.o(.text)
    __rt_locale                              0x080012a9   Thumb Code     8  rt_locale_intlibspace.o(.text)
    _printf_fp_infnan                        0x080012b1   Thumb Code   112  _printf_fp_infnan.o(.text)
    _btod_etento                             0x08001331   Thumb Code   224  bigflt0.o(.text)
    exit                                     0x08001415   Thumb Code    18  exit.o(.text)
    __user_libspace                          0x08001429   Thumb Code     8  libspace.o(.text)
    __user_perproc_libspace                  0x08001429   Thumb Code     0  libspace.o(.text)
    __user_perthread_libspace                0x08001429   Thumb Code     0  libspace.o(.text)
    _sys_exit                                0x08001431   Thumb Code     8  sys_exit.o(.text)
    __I$use$semihosting                      0x0800143d   Thumb Code     0  use_no_semi.o(.text)
    __use_no_semihosting_swi                 0x0800143d   Thumb Code     2  use_no_semi.o(.text)
    __semihosting_library_function           0x0800143f   Thumb Code     0  indicate_semi.o(.text)
    ADCone                                   0x08001441   Thumb Code   382  adc.o(.text.ADCone)
    Buzzer_init                              0x080015c1   Thumb Code    42  buzzer.o(.text.Buzzer_init)
    GREEN                                    0x080015ed   Thumb Code    14  leds.o(.text.GREEN)
    LCDprint4BIT                             0x080015fd   Thumb Code    42  lcd.o(.text.LCDprint4BIT)
    LDR_RGB                                  0x08001629   Thumb Code    46  leds.o(.text.LDR_RGB)
    L_segment_display                        0x08001659   Thumb Code    36  leds.o(.text.L_segment_display)
    MIC_RGB                                  0x0800167d   Thumb Code    46  leds.o(.text.MIC_RGB)
    PLL_Config                               0x080016ad   Thumb Code   180  adc.o(.text.PLL_Config)
    POT_RGB                                  0x08001761   Thumb Code    46  leds.o(.text.POT_RGB)
    RED                                      0x08001791   Thumb Code    14  leds.o(.text.RED)
    RGB_init                                 0x080017a1   Thumb Code   244  leds.o(.text.RGB_init)
    R_segment_display                        0x08001895   Thumb Code    36  leds.o(.text.R_segment_display)
    SystemCoreClockUpdate                    0x080018b9   Thumb Code   302  system_stm32f4xx.o(.text.SystemCoreClockUpdate)
    SystemInit                               0x080019e9   Thumb Code    18  system_stm32f4xx.o(.text.SystemInit)
    TIM1_UP_TIM10_IRQHandler                 0x080019fd   Thumb Code    24  main.o(.text.TIM1_UP_TIM10_IRQHandler)
    TIM3_IRQHandler                          0x08001a15   Thumb Code    18  main.o(.text.TIM3_IRQHandler)
    TIM4_IRQHandler                          0x08001a29   Thumb Code    32  main.o(.text.TIM4_IRQHandler)
    TIM7_IRQHandler                          0x08001a49   Thumb Code    18  main.o(.text.TIM7_IRQHandler)
    TL2                                      0x08001a5d   Thumb Code    18  leds.o(.text.TL2)
    TL3                                      0x08001a71   Thumb Code    18  leds.o(.text.TL3)
    USART3_IRQHandler                        0x08001a85   Thumb Code    76  usart.o(.text.USART3_IRQHandler)
    YELLOW                                   0x08001ad1   Thumb Code    14  leds.o(.text.YELLOW)
    bussy                                    0x08001b55   Thumb Code   182  lcd.o(.text.bussy)
    commands4BIT                             0x08001c0d   Thumb Code    42  lcd.o(.text.commands4BIT)
    dash                                     0x08001c39   Thumb Code    58  leds.o(.text.dash)
    delay_mS                                 0x08001c75   Thumb Code    44  timers_nints.o(.text.delay_mS)
    dot                                      0x08001ca1   Thumb Code    58  leds.o(.text.dot)
    fputc                                    0x08001cdd   Thumb Code    22  usart.o(.text.fputc)
    init_DAC1                                0x08001cf5   Thumb Code    96  dac.o(.text.init_DAC1)
    init_DAC2                                0x08001d55   Thumb Code   310  dac.o(.text.init_DAC2)
    init_LCD4BIT                             0x08001e8d   Thumb Code    32  lcd.o(.text.init_LCD4BIT)
    init_USART                               0x08001ead   Thumb Code   300  usart.o(.text.init_USART)
    init_led1                                0x08001fd9   Thumb Code    42  leds.o(.text.init_led1)
    init_led2                                0x08002005   Thumb Code    42  leds.o(.text.init_led2)
    init_led3                                0x08002031   Thumb Code    42  leds.o(.text.init_led3)
    init_port                                0x0800205d   Thumb Code    52  lcd.o(.text.init_port)
    init_timer2                              0x08002091   Thumb Code    78  timers_nints.o(.text.init_timer2)
    init_timer3                              0x080020e1   Thumb Code   126  timers_nints.o(.text.init_timer3)
    init_timer4                              0x08002161   Thumb Code   114  timers_nints.o(.text.init_timer4)
    init_timer5                              0x080021d5   Thumb Code    70  timers_nints.o(.text.init_timer5)
    init_timer7                              0x0800221d   Thumb Code   126  timers_nints.o(.text.init_timer7)
    init_timer8                              0x0800229d   Thumb Code    70  timers_nints.o(.text.init_timer8)
    inputUser                                0x080022e5   Thumb Code    18  exti.o(.text.inputUser)
    inputpinA                                0x080022f9   Thumb Code    58  exti.o(.text.inputpinA)
    inputpinB                                0x08002335   Thumb Code    58  exti.o(.text.inputpinB)
    inputpinC                                0x08002371   Thumb Code    66  exti.o(.text.inputpinC)
    inputpinD                                0x080023b5   Thumb Code    66  exti.o(.text.inputpinD)
    left_seg                                 0x080023f9   Thumb Code   120  leds.o(.text.left_seg)
    main                                     0x08002471   Thumb Code  9728  main.o(.text.main)
    offALL                                   0x08004a71   Thumb Code    32  leds.o(.text.offALL)
    offGREEN                                 0x08004a91   Thumb Code    16  leds.o(.text.offGREEN)
    offRED                                   0x08004aa1   Thumb Code    16  leds.o(.text.offRED)
    offYELLOW                                0x08004ab1   Thumb Code    16  leds.o(.text.offYELLOW)
    offp7led                                 0x08004ac1   Thumb Code    14  leds.o(.text.offp7led)
    offp8led                                 0x08004ad1   Thumb Code    16  leds.o(.text.offp8led)
    offp9led                                 0x08004ae1   Thumb Code    16  leds.o(.text.offp9led)
    offseg                                   0x08004af1   Thumb Code    58  leds.o(.text.offseg)
    offwhite                                 0x08004b2d   Thumb Code    16  leds.o(.text.offwhite)
    output_dac1                              0x08004b3d   Thumb Code    28  dac.o(.text.output_dac1)
    p7led                                    0x08004b59   Thumb Code    16  leds.o(.text.p7led)
    p8led                                    0x08004b69   Thumb Code    16  leds.o(.text.p8led)
    p9led                                    0x08004b79   Thumb Code    16  leds.o(.text.p9led)
    pin10_int                                0x08004b89   Thumb Code    58  leds.o(.text.pin10_int)
    pin2_int                                 0x08004bc5   Thumb Code    58  leds.o(.text.pin2_int)
    pin3_int                                 0x08004c01   Thumb Code    58  leds.o(.text.pin3_int)
    pin6_int                                 0x08004c3d   Thumb Code    58  leds.o(.text.pin6_int)
    pin7_int                                 0x08004c79   Thumb Code    58  leds.o(.text.pin7_int)
    pin8_int                                 0x08004cb5   Thumb Code    58  leds.o(.text.pin8_int)
    pin9_int                                 0x08004cf1   Thumb Code    58  leds.o(.text.pin9_int)
    right_seg                                0x08004d2d   Thumb Code   120  leds.o(.text.right_seg)
    samples0                                 0x08004da5   Thumb Code   744  leds.o(.text.samples0)
    samples1                                 0x0800508d   Thumb Code   744  leds.o(.text.samples1)
    samples2                                 0x08005375   Thumb Code   744  leds.o(.text.samples2)
    seg_init                                 0x0800565d   Thumb Code   222  leds.o(.text.seg_init)
    send_usart                               0x0800573d   Thumb Code    46  usart.o(.text.send_usart)
    set_data4BIT                             0x0800576d   Thumb Code   110  lcd.o(.text.set_data4BIT)
    six                                      0x080057dd   Thumb Code    38  leds.o(.text.six)
    three                                    0x08005805   Thumb Code    34  leds.o(.text.three)
    transmission_end                         0x08005829   Thumb Code    58  leds.o(.text.transmission_end)
    transmission_start                       0x08005865   Thumb Code    56  leds.o(.text.transmission_start)
    usartV                                   0x0800589d   Thumb Code    98  dac.o(.text.usartV)
    white                                    0x08005901   Thumb Code    16  leds.o(.text.white)
    write                                    0x08005911   Thumb Code    36  lcd.o(.text.write)
    _btod_d2e                                0x08005935   Thumb Code    62  btod.o(CL$$btod_d2e)
    _d2e_denorm_low                          0x08005973   Thumb Code    70  btod.o(CL$$btod_d2e_denorm_low)
    _d2e_norm_op1                            0x080059b9   Thumb Code    96  btod.o(CL$$btod_d2e_norm_op1)
    __btod_div_common                        0x08005a19   Thumb Code   696  btod.o(CL$$btod_div_common)
    _e2e                                     0x08005d51   Thumb Code   220  btod.o(CL$$btod_e2e)
    _btod_ediv                               0x08005e2d   Thumb Code    42  btod.o(CL$$btod_ediv)
    _btod_emul                               0x08005e57   Thumb Code    42  btod.o(CL$$btod_emul)
    __btod_mult_common                       0x08005e81   Thumb Code   580  btod.o(CL$$btod_mult_common)
    __ARM_fpclassify                         0x080060c5   Thumb Code    48  fpclassify.o(i.__ARM_fpclassify)
    _is_digit                                0x080060f5   Thumb Code    14  __printf_wp.o(i._is_digit)
    _get_lc_numeric                          0x08006105   Thumb Code    44  lc_numeric_c.o(locale$$code)
    _get_lc_ctype                            0x08006131   Thumb Code    44  lc_ctype_c.o(locale$$code)
    _fp_init                                 0x0800615d   Thumb Code    26  fpinit.o(x$fpl$fpinit)
    __fplib_config_fpu_vfp                   0x08006175   Thumb Code     0  fpinit.o(x$fpl$fpinit)
    __fplib_config_pureend_doubles           0x08006175   Thumb Code     0  fpinit.o(x$fpl$fpinit)
    _printf_fp_dec                           0x08006177   Thumb Code     4  printf1.o(x$fpl$printf1)
    _printf_fp_hex                           0x0800617b   Thumb Code     4  printf2.o(x$fpl$printf2)
    __I$use$fp                               0x0800617e   Number         0  usenofp.o(x$fpl$usenofp)
    AHBPrescTable                            0x0800627c   Data          16  system_stm32f4xx.o(.rodata.AHBPrescTable)
    function                                 0x0800628c   Data         256  dac.o(.rodata.function)
    Region$$Table$$Base                      0x080065a4   Number         0  anon$$obj.o(Region$$Table)
    Region$$Table$$Limit                     0x080065c4   Number         0  anon$$obj.o(Region$$Table)
    __ctype                                  0x080065ed   Data           0  lc_ctype_c.o(locale$$data)
    SystemCoreClock                          0x20000000   Data           4  system_stm32f4xx.o(.data.SystemCoreClock)
    __libspace_start                         0x20000008   Data          96  libspace.o(.bss)
    __stdout                                 0x20000068   Data          84  usart.o(.bss.__stdout)
    __temporary_stack_top$libspace           0x20000068   Data           0  libspace.o(.bss)
    a                                        0x200000bc   Data           4  usart.o(.bss.a)
    dacr                                     0x200000c0   Data           4  dac.o(.bss.dacr)
    morse                                    0x200000c4   Data           1  usart.o(.bss.morse)
    samples                                  0x200000c6   Data           6  adc.o(.bss.samples)



==============================================================================

Memory Map of the image

  Image Entry point : 0x080002f9

  Load Region LR_1 (Base: 0x08000000, Size: 0x000066f4, Max: 0xffffffff, ABSOLUTE)

    Execution Region ER_RO (Exec base: 0x08000000, Load base: 0x08000000, Size: 0x000066f0, Max: 0xffffffff, ABSOLUTE)

    Exec Addr    Load Addr    Size         Type   Attr      Idx    E Section Name        Object

    0x08000000   0x08000000   0x000001ac   Data   RO          276    RESET               startup_stm32f429xx.o
    0x080001ac   0x080001ac   0x00000008   Code   RO          305  * !!!main             c_w.l(__main.o)
    0x080001b4   0x080001b4   0x00000034   Code   RO          644    !!!scatter          c_w.l(__scatter.o)
    0x080001e8   0x080001e8   0x0000001a   Code   RO          646    !!handler_copy      c_w.l(__scatter_copy.o)
    0x08000202   0x08000202   0x00000002   PAD
    0x08000204   0x08000204   0x0000001c   Code   RO          648    !!handler_zi        c_w.l(__scatter_zi.o)
    0x08000220   0x08000220   0x00000000   Code   RO          387    .ARM.Collect$$_printf_percent$$00000000  c_w.l(_printf_percent.o)
    0x08000220   0x08000220   0x00000006   Code   RO          376    .ARM.Collect$$_printf_percent$$00000001  c_w.l(_printf_n.o)
    0x08000226   0x08000226   0x00000006   Code   RO          378    .ARM.Collect$$_printf_percent$$00000002  c_w.l(_printf_p.o)
    0x0800022c   0x0800022c   0x00000006   Code   RO          383    .ARM.Collect$$_printf_percent$$00000003  c_w.l(_printf_f.o)
    0x08000232   0x08000232   0x00000006   Code   RO          384    .ARM.Collect$$_printf_percent$$00000004  c_w.l(_printf_e.o)
    0x08000238   0x08000238   0x00000006   Code   RO          385    .ARM.Collect$$_printf_percent$$00000005  c_w.l(_printf_g.o)
    0x0800023e   0x0800023e   0x00000006   Code   RO          386    .ARM.Collect$$_printf_percent$$00000006  c_w.l(_printf_a.o)
    0x08000244   0x08000244   0x0000000a   Code   RO          391    .ARM.Collect$$_printf_percent$$00000007  c_w.l(_printf_ll.o)
    0x0800024e   0x0800024e   0x00000006   Code   RO          380    .ARM.Collect$$_printf_percent$$00000008  c_w.l(_printf_i.o)
    0x08000254   0x08000254   0x00000006   Code   RO          381    .ARM.Collect$$_printf_percent$$00000009  c_w.l(_printf_d.o)
    0x0800025a   0x0800025a   0x00000006   Code   RO          382    .ARM.Collect$$_printf_percent$$0000000A  c_w.l(_printf_u.o)
    0x08000260   0x08000260   0x00000006   Code   RO          379    .ARM.Collect$$_printf_percent$$0000000B  c_w.l(_printf_o.o)
    0x08000266   0x08000266   0x00000006   Code   RO          377    .ARM.Collect$$_printf_percent$$0000000C  c_w.l(_printf_x.o)
    0x0800026c   0x0800026c   0x00000006   Code   RO          388    .ARM.Collect$$_printf_percent$$0000000D  c_w.l(_printf_lli.o)
    0x08000272   0x08000272   0x00000006   Code   RO          389    .ARM.Collect$$_printf_percent$$0000000E  c_w.l(_printf_lld.o)
    0x08000278   0x08000278   0x00000006   Code   RO          390    .ARM.Collect$$_printf_percent$$0000000F  c_w.l(_printf_llu.o)
    0x0800027e   0x0800027e   0x00000006   Code   RO          395    .ARM.Collect$$_printf_percent$$00000010  c_w.l(_printf_llo.o)
    0x08000284   0x08000284   0x00000006   Code   RO          396    .ARM.Collect$$_printf_percent$$00000011  c_w.l(_printf_llx.o)
    0x0800028a   0x0800028a   0x0000000a   Code   RO          392    .ARM.Collect$$_printf_percent$$00000012  c_w.l(_printf_l.o)
    0x08000294   0x08000294   0x00000006   Code   RO          374    .ARM.Collect$$_printf_percent$$00000013  c_w.l(_printf_c.o)
    0x0800029a   0x0800029a   0x00000006   Code   RO          375    .ARM.Collect$$_printf_percent$$00000014  c_w.l(_printf_s.o)
    0x080002a0   0x080002a0   0x00000006   Code   RO          393    .ARM.Collect$$_printf_percent$$00000015  c_w.l(_printf_lc.o)
    0x080002a6   0x080002a6   0x00000006   Code   RO          394    .ARM.Collect$$_printf_percent$$00000016  c_w.l(_printf_ls.o)
    0x080002ac   0x080002ac   0x00000004   Code   RO          437    .ARM.Collect$$_printf_percent$$00000017  c_w.l(_printf_percent_end.o)
    0x080002b0   0x080002b0   0x00000002   Code   RO          494    .ARM.Collect$$libinit$$00000000  c_w.l(libinit.o)
    0x080002b2   0x080002b2   0x00000004   Code   RO          510    .ARM.Collect$$libinit$$00000001  c_w.l(libinit2.o)
    0x080002b6   0x080002b6   0x00000000   Code   RO          513    .ARM.Collect$$libinit$$00000004  c_w.l(libinit2.o)
    0x080002b6   0x080002b6   0x00000000   Code   RO          515    .ARM.Collect$$libinit$$00000006  c_w.l(libinit2.o)
    0x080002b6   0x080002b6   0x00000000   Code   RO          518    .ARM.Collect$$libinit$$0000000C  c_w.l(libinit2.o)
    0x080002b6   0x080002b6   0x00000000   Code   RO          520    .ARM.Collect$$libinit$$0000000E  c_w.l(libinit2.o)
    0x080002b6   0x080002b6   0x00000000   Code   RO          522    .ARM.Collect$$libinit$$00000010  c_w.l(libinit2.o)
    0x080002b6   0x080002b6   0x00000006   Code   RO          523    .ARM.Collect$$libinit$$00000011  c_w.l(libinit2.o)
    0x080002bc   0x080002bc   0x00000000   Code   RO          525    .ARM.Collect$$libinit$$00000013  c_w.l(libinit2.o)
    0x080002bc   0x080002bc   0x0000000c   Code   RO          526    .ARM.Collect$$libinit$$00000014  c_w.l(libinit2.o)
    0x080002c8   0x080002c8   0x00000000   Code   RO          527    .ARM.Collect$$libinit$$00000015  c_w.l(libinit2.o)
    0x080002c8   0x080002c8   0x00000000   Code   RO          529    .ARM.Collect$$libinit$$00000017  c_w.l(libinit2.o)
    0x080002c8   0x080002c8   0x0000000a   Code   RO          530    .ARM.Collect$$libinit$$00000018  c_w.l(libinit2.o)
    0x080002d2   0x080002d2   0x00000000   Code   RO          531    .ARM.Collect$$libinit$$00000019  c_w.l(libinit2.o)
    0x080002d2   0x080002d2   0x00000000   Code   RO          533    .ARM.Collect$$libinit$$0000001B  c_w.l(libinit2.o)
    0x080002d2   0x080002d2   0x00000000   Code   RO          535    .ARM.Collect$$libinit$$0000001D  c_w.l(libinit2.o)
    0x080002d2   0x080002d2   0x00000000   Code   RO          537    .ARM.Collect$$libinit$$0000001F  c_w.l(libinit2.o)
    0x080002d2   0x080002d2   0x00000000   Code   RO          539    .ARM.Collect$$libinit$$00000021  c_w.l(libinit2.o)
    0x080002d2   0x080002d2   0x00000000   Code   RO          541    .ARM.Collect$$libinit$$00000023  c_w.l(libinit2.o)
    0x080002d2   0x080002d2   0x00000000   Code   RO          543    .ARM.Collect$$libinit$$00000025  c_w.l(libinit2.o)
    0x080002d2   0x080002d2   0x00000000   Code   RO          545    .ARM.Collect$$libinit$$00000027  c_w.l(libinit2.o)
    0x080002d2   0x080002d2   0x00000000   Code   RO          549    .ARM.Collect$$libinit$$0000002E  c_w.l(libinit2.o)
    0x080002d2   0x080002d2   0x00000000   Code   RO          551    .ARM.Collect$$libinit$$00000030  c_w.l(libinit2.o)
    0x080002d2   0x080002d2   0x00000000   Code   RO          553    .ARM.Collect$$libinit$$00000032  c_w.l(libinit2.o)
    0x080002d2   0x080002d2   0x00000000   Code   RO          555    .ARM.Collect$$libinit$$00000034  c_w.l(libinit2.o)
    0x080002d2   0x080002d2   0x00000002   Code   RO          556    .ARM.Collect$$libinit$$00000035  c_w.l(libinit2.o)
    0x080002d4   0x080002d4   0x00000002   Code   RO          580    .ARM.Collect$$libshutdown$$00000000  c_w.l(libshutdown.o)
    0x080002d6   0x080002d6   0x00000000   Code   RO          595    .ARM.Collect$$libshutdown$$00000002  c_w.l(libshutdown2.o)
    0x080002d6   0x080002d6   0x00000000   Code   RO          597    .ARM.Collect$$libshutdown$$00000004  c_w.l(libshutdown2.o)
    0x080002d6   0x080002d6   0x00000000   Code   RO          600    .ARM.Collect$$libshutdown$$00000007  c_w.l(libshutdown2.o)
    0x080002d6   0x080002d6   0x00000000   Code   RO          603    .ARM.Collect$$libshutdown$$0000000A  c_w.l(libshutdown2.o)
    0x080002d6   0x080002d6   0x00000000   Code   RO          605    .ARM.Collect$$libshutdown$$0000000C  c_w.l(libshutdown2.o)
    0x080002d6   0x080002d6   0x00000000   Code   RO          608    .ARM.Collect$$libshutdown$$0000000F  c_w.l(libshutdown2.o)
    0x080002d6   0x080002d6   0x00000002   Code   RO          609    .ARM.Collect$$libshutdown$$00000010  c_w.l(libshutdown2.o)
    0x080002d8   0x080002d8   0x00000000   Code   RO          307    .ARM.Collect$$rtentry$$00000000  c_w.l(__rtentry.o)
    0x080002d8   0x080002d8   0x00000000   Code   RO          406    .ARM.Collect$$rtentry$$00000002  c_w.l(__rtentry2.o)
    0x080002d8   0x080002d8   0x00000006   Code   RO          418    .ARM.Collect$$rtentry$$00000004  c_w.l(__rtentry4.o)
    0x080002de   0x080002de   0x00000000   Code   RO          408    .ARM.Collect$$rtentry$$00000009  c_w.l(__rtentry2.o)
    0x080002de   0x080002de   0x00000004   Code   RO          409    .ARM.Collect$$rtentry$$0000000A  c_w.l(__rtentry2.o)
    0x080002e2   0x080002e2   0x00000000   Code   RO          411    .ARM.Collect$$rtentry$$0000000C  c_w.l(__rtentry2.o)
    0x080002e2   0x080002e2   0x00000008   Code   RO          412    .ARM.Collect$$rtentry$$0000000D  c_w.l(__rtentry2.o)
    0x080002ea   0x080002ea   0x00000002   Code   RO          503    .ARM.Collect$$rtexit$$00000000  c_w.l(rtexit.o)
    0x080002ec   0x080002ec   0x00000000   Code   RO          558    .ARM.Collect$$rtexit$$00000002  c_w.l(rtexit2.o)
    0x080002ec   0x080002ec   0x00000004   Code   RO          559    .ARM.Collect$$rtexit$$00000003  c_w.l(rtexit2.o)
    0x080002f0   0x080002f0   0x00000006   Code   RO          560    .ARM.Collect$$rtexit$$00000004  c_w.l(rtexit2.o)
    0x080002f6   0x080002f6   0x00000002   PAD
    0x080002f8   0x080002f8   0x00000040   Code   RO          277  * .text               startup_stm32f429xx.o
    0x08000338   0x08000338   0x00000018   Code   RO          299    .text               c_w.l(printf.o)
    0x08000350   0x08000350   0x0000007c   Code   RO          301    .text               c_w.l(strcmpv7em.o)
    0x080003cc   0x080003cc   0x00000006   Code   RO          303    .text               c_w.l(heapauxi.o)
    0x080003d2   0x080003d2   0x0000004e   Code   RO          310    .text               c_w.l(_printf_pad.o)
    0x08000420   0x08000420   0x00000024   Code   RO          312    .text               c_w.l(_printf_truncate.o)
    0x08000444   0x08000444   0x00000052   Code   RO          314    .text               c_w.l(_printf_str.o)
    0x08000496   0x08000496   0x00000002   PAD
    0x08000498   0x08000498   0x00000078   Code   RO          316    .text               c_w.l(_printf_dec.o)
    0x08000510   0x08000510   0x00000028   Code   RO          318    .text               c_w.l(_printf_charcount.o)
    0x08000538   0x08000538   0x00000024   Code   RO          320    .text               c_w.l(_printf_char_file.o)
    0x0800055c   0x0800055c   0x000000bc   Code   RO          322    .text               c_w.l(_printf_wctomb.o)
    0x08000618   0x08000618   0x0000007c   Code   RO          325    .text               c_w.l(_printf_longlong_dec.o)
    0x08000694   0x08000694   0x00000070   Code   RO          331    .text               c_w.l(_printf_oct_int_ll.o)
    0x08000704   0x08000704   0x00000094   Code   RO          351    .text               c_w.l(_printf_hex_int_ll_ptr.o)
    0x08000798   0x08000798   0x00000188   Code   RO          371    .text               c_w.l(__printf_flags_ss_wp.o)
    0x08000920   0x08000920   0x0000008a   Code   RO          420    .text               c_w.l(lludiv10.o)
    0x080009aa   0x080009aa   0x000000b2   Code   RO          422    .text               c_w.l(_printf_intcommon.o)
    0x08000a5c   0x08000a5c   0x0000041c   Code   RO          424    .text               c_w.l(_printf_fp_dec.o)
    0x08000e78   0x08000e78   0x000002fc   Code   RO          428    .text               c_w.l(_printf_fp_hex.o)
    0x08001174   0x08001174   0x00000030   Code   RO          431    .text               c_w.l(_printf_char_common.o)
    0x080011a4   0x080011a4   0x0000002c   Code   RO          433    .text               c_w.l(_printf_char.o)
    0x080011d0   0x080011d0   0x0000002c   Code   RO          435    .text               c_w.l(_printf_wchar.o)
    0x080011fc   0x080011fc   0x00000008   Code   RO          438    .text               c_w.l(ferror.o)
    0x08001204   0x08001204   0x00000048   Code   RO          442    .text               c_w.l(_c16rtomb.o)
    0x0800124c   0x0800124c   0x0000004a   Code   RO          444    .text               c_w.l(sys_stackheap_outer.o)
    0x08001296   0x08001296   0x00000002   PAD
    0x08001298   0x08001298   0x00000010   Code   RO          446    .text               c_w.l(rt_ctype_table.o)
    0x080012a8   0x080012a8   0x00000008   Code   RO          451    .text               c_w.l(rt_locale_intlibspace.o)
    0x080012b0   0x080012b0   0x00000080   Code   RO          453    .text               c_w.l(_printf_fp_infnan.o)
    0x08001330   0x08001330   0x000000e4   Code   RO          457    .text               c_w.l(bigflt0.o)
    0x08001414   0x08001414   0x00000012   Code   RO          487    .text               c_w.l(exit.o)
    0x08001426   0x08001426   0x00000002   PAD
    0x08001428   0x08001428   0x00000008   Code   RO          500    .text               c_w.l(libspace.o)
    0x08001430   0x08001430   0x0000000c   Code   RO          570    .text               c_w.l(sys_exit.o)
    0x0800143c   0x0800143c   0x00000002   Code   RO          585    .text               c_w.l(use_no_semi.o)
    0x0800143e   0x0800143e   0x00000000   Code   RO          587    .text               c_w.l(indicate_semi.o)
    0x0800143e   0x0800143e   0x00000002   PAD
    0x08001440   0x08001440   0x0000017e   Code   RO           23    .text.ADCone        adc.o
    0x080015be   0x080015be   0x00000002   PAD
    0x080015c0   0x080015c0   0x0000002a   Code   RO          245    .text.Buzzer_init   buzzer.o
    0x080015ea   0x080015ea   0x00000002   PAD
    0x080015ec   0x080015ec   0x0000000e   Code   RO          165    .text.GREEN         leds.o
    0x080015fa   0x080015fa   0x00000002   PAD
    0x080015fc   0x080015fc   0x0000002a   Code   RO          234    .text.LCDprint4BIT  lcd.o
    0x08001626   0x08001626   0x00000002   PAD
    0x08001628   0x08001628   0x0000002e   Code   RO          137    .text.LDR_RGB       leds.o
    0x08001656   0x08001656   0x00000002   PAD
    0x08001658   0x08001658   0x00000024   Code   RO          125    .text.L_segment_display  leds.o
    0x0800167c   0x0800167c   0x0000002e   Code   RO          139    .text.MIC_RGB       leds.o
    0x080016aa   0x080016aa   0x00000002   PAD
    0x080016ac   0x080016ac   0x000000b4   Code   RO           21    .text.PLL_Config    adc.o
    0x08001760   0x08001760   0x0000002e   Code   RO          141    .text.POT_RGB       leds.o
    0x0800178e   0x0800178e   0x00000002   PAD
    0x08001790   0x08001790   0x0000000e   Code   RO          157    .text.RED           leds.o
    0x0800179e   0x0800179e   0x00000002   PAD
    0x080017a0   0x080017a0   0x000000f4   Code   RO          129    .text.RGB_init      leds.o
    0x08001894   0x08001894   0x00000024   Code   RO          127    .text.R_segment_display  leds.o
    0x080018b8   0x080018b8   0x0000012e   Code   RO          286    .text.SystemCoreClockUpdate  system_stm32f4xx.o
    0x080019e6   0x080019e6   0x00000002   PAD
    0x080019e8   0x080019e8   0x00000012   Code   RO          284    .text.SystemInit    system_stm32f4xx.o
    0x080019fa   0x080019fa   0x00000002   PAD
    0x080019fc   0x080019fc   0x00000018   Code   RO           10    .text.TIM1_UP_TIM10_IRQHandler  main.o
    0x08001a14   0x08001a14   0x00000012   Code   RO            4    .text.TIM3_IRQHandler  main.o
    0x08001a26   0x08001a26   0x00000002   PAD
    0x08001a28   0x08001a28   0x00000020   Code   RO            8    .text.TIM4_IRQHandler  main.o
    0x08001a48   0x08001a48   0x00000012   Code   RO            6    .text.TIM7_IRQHandler  main.o
    0x08001a5a   0x08001a5a   0x00000002   PAD
    0x08001a5c   0x08001a5c   0x00000012   Code   RO           95    .text.TL2           leds.o
    0x08001a6e   0x08001a6e   0x00000002   PAD
    0x08001a70   0x08001a70   0x00000012   Code   RO           83    .text.TL3           leds.o
    0x08001a82   0x08001a82   0x00000002   PAD
    0x08001a84   0x08001a84   0x0000004c   Code   RO           43    .text.USART3_IRQHandler  usart.o
    0x08001ad0   0x08001ad0   0x0000000e   Code   RO          161    .text.YELLOW        leds.o
    0x08001ade   0x08001ade   0x00000002   PAD
    0x08001ae0   0x08001ae0   0x00000030   Code   RO           35    .text.__NVIC_EnableIRQ  usart.o
    0x08001b10   0x08001b10   0x00000042   Code   RO           66    .text.__NVIC_SetPriority  timers_nints.o
    0x08001b52   0x08001b52   0x00000002   PAD
    0x08001b54   0x08001b54   0x000000b6   Code   RO          230    .text.bussy         lcd.o
    0x08001c0a   0x08001c0a   0x00000002   PAD
    0x08001c0c   0x08001c0c   0x0000002a   Code   RO          228    .text.commands4BIT  lcd.o
    0x08001c36   0x08001c36   0x00000002   PAD
    0x08001c38   0x08001c38   0x0000003a   Code   RO           91    .text.dash          leds.o
    0x08001c72   0x08001c72   0x00000002   PAD
    0x08001c74   0x08001c74   0x0000002c   Code   RO           72    .text.delay_mS      timers_nints.o
    0x08001ca0   0x08001ca0   0x0000003a   Code   RO           89    .text.dot           leds.o
    0x08001cda   0x08001cda   0x00000002   PAD
    0x08001cdc   0x08001cdc   0x00000016   Code   RO           39    .text.fputc         usart.o
    0x08001cf2   0x08001cf2   0x00000002   PAD
    0x08001cf4   0x08001cf4   0x00000060   Code   RO          206    .text.init_DAC1     dac.o
    0x08001d54   0x08001d54   0x00000136   Code   RO          204    .text.init_DAC2     dac.o
    0x08001e8a   0x08001e8a   0x00000002   PAD
    0x08001e8c   0x08001e8c   0x00000020   Code   RO          226    .text.init_LCD4BIT  lcd.o
    0x08001eac   0x08001eac   0x0000012c   Code   RO           33    .text.init_USART    usart.o
    0x08001fd8   0x08001fd8   0x0000002a   Code   RO           85    .text.init_led1     leds.o
    0x08002002   0x08002002   0x00000002   PAD
    0x08002004   0x08002004   0x0000002a   Code   RO           93    .text.init_led2     leds.o
    0x0800202e   0x0800202e   0x00000002   PAD
    0x08002030   0x08002030   0x0000002a   Code   RO           81    .text.init_led3     leds.o
    0x0800205a   0x0800205a   0x00000002   PAD
    0x0800205c   0x0800205c   0x00000034   Code   RO          224    .text.init_port     lcd.o
    0x08002090   0x08002090   0x0000004e   Code   RO           68    .text.init_timer2   timers_nints.o
    0x080020de   0x080020de   0x00000002   PAD
    0x080020e0   0x080020e0   0x0000007e   Code   RO           70    .text.init_timer3   timers_nints.o
    0x0800215e   0x0800215e   0x00000002   PAD
    0x08002160   0x08002160   0x00000072   Code   RO           64    .text.init_timer4   timers_nints.o
    0x080021d2   0x080021d2   0x00000002   PAD
    0x080021d4   0x080021d4   0x00000046   Code   RO           56    .text.init_timer5   timers_nints.o
    0x0800221a   0x0800221a   0x00000002   PAD
    0x0800221c   0x0800221c   0x0000007e   Code   RO           58    .text.init_timer7   timers_nints.o
    0x0800229a   0x0800229a   0x00000002   PAD
    0x0800229c   0x0800229c   0x00000046   Code   RO           62    .text.init_timer8   timers_nints.o
    0x080022e2   0x080022e2   0x00000002   PAD
    0x080022e4   0x080022e4   0x00000012   Code   RO          258    .text.inputUser     exti.o
    0x080022f6   0x080022f6   0x00000002   PAD
    0x080022f8   0x080022f8   0x0000003a   Code   RO          260    .text.inputpinA     exti.o
    0x08002332   0x08002332   0x00000002   PAD
    0x08002334   0x08002334   0x0000003a   Code   RO          262    .text.inputpinB     exti.o
    0x0800236e   0x0800236e   0x00000002   PAD
    0x08002370   0x08002370   0x00000042   Code   RO          264    .text.inputpinC     exti.o
    0x080023b2   0x080023b2   0x00000002   PAD
    0x080023b4   0x080023b4   0x00000042   Code   RO          266    .text.inputpinD     exti.o
    0x080023f6   0x080023f6   0x00000002   PAD
    0x080023f8   0x080023f8   0x00000078   Code   RO          121    .text.left_seg      leds.o
    0x08002470   0x08002470   0x00002600   Code   RO            2    .text.main          main.o
    0x08004a70   0x08004a70   0x00000020   Code   RO          185    .text.offALL        leds.o
    0x08004a90   0x08004a90   0x00000010   Code   RO          167    .text.offGREEN      leds.o
    0x08004aa0   0x08004aa0   0x00000010   Code   RO          159    .text.offRED        leds.o
    0x08004ab0   0x08004ab0   0x00000010   Code   RO          163    .text.offYELLOW     leds.o
    0x08004ac0   0x08004ac0   0x0000000e   Code   RO          171    .text.offp7led      leds.o
    0x08004ace   0x08004ace   0x00000002   PAD
    0x08004ad0   0x08004ad0   0x00000010   Code   RO          175    .text.offp8led      leds.o
    0x08004ae0   0x08004ae0   0x00000010   Code   RO          179    .text.offp9led      leds.o
    0x08004af0   0x08004af0   0x0000003a   Code   RO          119    .text.offseg        leds.o
    0x08004b2a   0x08004b2a   0x00000002   PAD
    0x08004b2c   0x08004b2c   0x00000010   Code   RO          183    .text.offwhite      leds.o
    0x08004b3c   0x08004b3c   0x0000001c   Code   RO          208    .text.output_dac1   dac.o
    0x08004b58   0x08004b58   0x00000010   Code   RO          169    .text.p7led         leds.o
    0x08004b68   0x08004b68   0x00000010   Code   RO          173    .text.p8led         leds.o
    0x08004b78   0x08004b78   0x00000010   Code   RO          177    .text.p9led         leds.o
    0x08004b88   0x08004b88   0x0000003a   Code   RO          155    .text.pin10_int     leds.o
    0x08004bc2   0x08004bc2   0x00000002   PAD
    0x08004bc4   0x08004bc4   0x0000003a   Code   RO          143    .text.pin2_int      leds.o
    0x08004bfe   0x08004bfe   0x00000002   PAD
    0x08004c00   0x08004c00   0x0000003a   Code   RO          145    .text.pin3_int      leds.o
    0x08004c3a   0x08004c3a   0x00000002   PAD
    0x08004c3c   0x08004c3c   0x0000003a   Code   RO          147    .text.pin6_int      leds.o
    0x08004c76   0x08004c76   0x00000002   PAD
    0x08004c78   0x08004c78   0x0000003a   Code   RO          149    .text.pin7_int      leds.o
    0x08004cb2   0x08004cb2   0x00000002   PAD
    0x08004cb4   0x08004cb4   0x0000003a   Code   RO          151    .text.pin8_int      leds.o
    0x08004cee   0x08004cee   0x00000002   PAD
    0x08004cf0   0x08004cf0   0x0000003a   Code   RO          153    .text.pin9_int      leds.o
    0x08004d2a   0x08004d2a   0x00000002   PAD
    0x08004d2c   0x08004d2c   0x00000078   Code   RO          123    .text.right_seg     leds.o
    0x08004da4   0x08004da4   0x000002e8   Code   RO          131    .text.samples0      leds.o
    0x0800508c   0x0800508c   0x000002e8   Code   RO          133    .text.samples1      leds.o
    0x08005374   0x08005374   0x000002e8   Code   RO          135    .text.samples2      leds.o
    0x0800565c   0x0800565c   0x000000de   Code   RO           97    .text.seg_init      leds.o
    0x0800573a   0x0800573a   0x00000002   PAD
    0x0800573c   0x0800573c   0x0000002e   Code   RO           37    .text.send_usart    usart.o
    0x0800576a   0x0800576a   0x00000002   PAD
    0x0800576c   0x0800576c   0x0000006e   Code   RO          236    .text.set_data4BIT  lcd.o
    0x080057da   0x080057da   0x00000002   PAD
    0x080057dc   0x080057dc   0x00000026   Code   RO          109    .text.six           leds.o
    0x08005802   0x08005802   0x00000002   PAD
    0x08005804   0x08005804   0x00000022   Code   RO          103    .text.three         leds.o
    0x08005826   0x08005826   0x00000002   PAD
    0x08005828   0x08005828   0x0000003a   Code   RO          191    .text.transmission_end  leds.o
    0x08005862   0x08005862   0x00000002   PAD
    0x08005864   0x08005864   0x00000038   Code   RO          189    .text.transmission_start  leds.o
    0x0800589c   0x0800589c   0x00000062   Code   RO          210    .text.usartV        dac.o
    0x080058fe   0x080058fe   0x00000002   PAD
    0x08005900   0x08005900   0x00000010   Code   RO          181    .text.white         leds.o
    0x08005910   0x08005910   0x00000024   Code   RO          232    .text.write         lcd.o
    0x08005934   0x08005934   0x0000003e   Code   RO          460    CL$$btod_d2e        c_w.l(btod.o)
    0x08005972   0x08005972   0x00000046   Code   RO          462    CL$$btod_d2e_denorm_low  c_w.l(btod.o)
    0x080059b8   0x080059b8   0x00000060   Code   RO          461    CL$$btod_d2e_norm_op1  c_w.l(btod.o)
    0x08005a18   0x08005a18   0x00000338   Code   RO          470    CL$$btod_div_common  c_w.l(btod.o)
    0x08005d50   0x08005d50   0x000000dc   Code   RO          467    CL$$btod_e2e        c_w.l(btod.o)
    0x08005e2c   0x08005e2c   0x0000002a   Code   RO          464    CL$$btod_ediv       c_w.l(btod.o)
    0x08005e56   0x08005e56   0x0000002a   Code   RO          463    CL$$btod_emul       c_w.l(btod.o)
    0x08005e80   0x08005e80   0x00000244   Code   RO          469    CL$$btod_mult_common  c_w.l(btod.o)
    0x080060c4   0x080060c4   0x00000030   Code   RO          498    i.__ARM_fpclassify  m_wm.l(fpclassify.o)
    0x080060f4   0x080060f4   0x0000000e   Code   RO          364    i._is_digit         c_w.l(__printf_wp.o)
    0x08006102   0x08006102   0x00000002   PAD
    0x08006104   0x08006104   0x0000002c   Code   RO          485    locale$$code        c_w.l(lc_numeric_c.o)
    0x08006130   0x08006130   0x0000002c   Code   RO          508    locale$$code        c_w.l(lc_ctype_c.o)
    0x0800615c   0x0800615c   0x0000001a   Code   RO          568    x$fpl$fpinit        fz_wm.l(fpinit.o)
    0x08006176   0x08006176   0x00000004   Code   RO          397    x$fpl$printf1       fz_wm.l(printf1.o)
    0x0800617a   0x0800617a   0x00000004   Code   RO          399    x$fpl$printf2       fz_wm.l(printf2.o)
    0x0800617e   0x0800617e   0x00000000   Code   RO          497    x$fpl$usenofp       fz_wm.l(usenofp.o)
    0x0800617e   0x0800617e   0x00000002   PAD
    0x08006180   0x08006180   0x00000008   Data   RO          323    .constdata          c_w.l(_printf_wctomb.o)
    0x08006188   0x08006188   0x00000028   Data   RO          352    .constdata          c_w.l(_printf_hex_int_ll_ptr.o)
    0x080061b0   0x080061b0   0x00000011   Data   RO          372    .constdata          c_w.l(__printf_flags_ss_wp.o)
    0x080061c1   0x080061c1   0x00000026   Data   RO          429    .constdata          c_w.l(_printf_fp_hex.o)
    0x080061e7   0x080061e7   0x00000001   PAD
    0x080061e8   0x080061e8   0x00000094   Data   RO          458    .constdata          c_w.l(bigflt0.o)
    0x0800627c   0x0800627c   0x00000010   Data   RO          289    .rodata.AHBPrescTable  system_stm32f4xx.o
    0x0800628c   0x0800628c   0x00000100   Data   RO          215    .rodata.function    dac.o
    0x0800638c   0x0800638c   0x00000216   Data   RO           12    .rodata.str1.1      main.o
    0x080065a2   0x080065a2   0x00000002   PAD
    0x080065a4   0x080065a4   0x00000020   Data   RO          643    Region$$Table       anon$$obj.o
    0x080065c4   0x080065c4   0x0000001c   Data   RO          484    locale$$data        c_w.l(lc_numeric_c.o)
    0x080065e0   0x080065e0   0x00000110   Data   RO          507    locale$$data        c_w.l(lc_ctype_c.o)


    Execution Region ER_RW (Exec base: 0x20000000, Load base: 0x080066f0, Size: 0x00000004, Max: 0xffffffff, ABSOLUTE)

    Exec Addr    Load Addr    Size         Type   Attr      Idx    E Section Name        Object

    0x20000000   0x080066f0   0x00000004   Data   RW          288    .data.SystemCoreClock  system_stm32f4xx.o


    Execution Region ER_ZI (Exec base: 0x20000008, Load base: 0x080066f4, Size: 0x000006c8, Max: 0xffffffff, ABSOLUTE)

    Exec Addr    Load Addr    Size         Type   Attr      Idx    E Section Name        Object

    0x20000008        -       0x00000060   Zero   RW          501    .bss                c_w.l(libspace.o)
    0x20000068        -       0x00000054   Zero   RW           47    .bss.__stdout       usart.o
    0x200000bc        -       0x00000004   Zero   RW           46    .bss.a              usart.o
    0x200000c0        -       0x00000004   Zero   RW          216    .bss.dacr           dac.o
    0x200000c4        -       0x00000001   Zero   RW           45    .bss.morse          usart.o
    0x200000c5   0x080066f4   0x00000001   PAD
    0x200000c6        -       0x00000006   Zero   RW           25    .bss.samples        adc.o
    0x200000cc   0x080066f4   0x00000004   PAD
    0x200000d0        -       0x00000200   Zero   RW          275    HEAP                startup_stm32f429xx.o
    0x200002d0        -       0x00000400   Zero   RW          274    STACK               startup_stm32f429xx.o


==============================================================================

Image component sizes


      Code (inc. data)   RO Data    RW Data    ZI Data      Debug   Object Name

       562          0          0          0          6       2717   adc.o
        42          0          0          0          0       1817   buzzer.o
       532          0        256          0          4       3538   dac.o
       266          0          0          0          0       1957   exti.o
       496          0          0          0          0       2573   lcd.o
      4324          0          0          0          0       7870   leds.o
      9820        118        534          0          0      11016   main.o
        64         26        428          0       1536        876   startup_stm32f429xx.o
       320          0         16          4          0       2676   system_stm32f4xx.o
       694          0          0          0          0       5833   timers_nints.o
       492          0          0          0         89       5643   usart.o

    ----------------------------------------------------------------------
     17716        144       1268          4       1640      46516   Object Totals
         0          0         32          0          0          0   (incl. Generated)
       104          0          2          0          5          0   (incl. Padding)

    ----------------------------------------------------------------------

      Code (inc. data)   RO Data    RW Data    ZI Data      Debug   Library Member Name

         8          0          0          0          0         68   __main.o
       392          4         17          0          0         92   __printf_flags_ss_wp.o
        14          0          0          0          0         68   __printf_wp.o
         0          0          0          0          0          0   __rtentry.o
        12          0          0          0          0          0   __rtentry2.o
         6          0          0          0          0          0   __rtentry4.o
        52          8          0          0          0          0   __scatter.o
        26          0          0          0          0          0   __scatter_copy.o
        28          0          0          0          0          0   __scatter_zi.o
        72          0          0          0          0         96   _c16rtomb.o
         6          0          0          0          0          0   _printf_a.o
         6          0          0          0          0          0   _printf_c.o
        44          0          0          0          0        108   _printf_char.o
        48          6          0          0          0         96   _printf_char_common.o
        36          4          0          0          0         80   _printf_char_file.o
        40          0          0          0          0         68   _printf_charcount.o
         6          0          0          0          0          0   _printf_d.o
       120         16          0          0          0         92   _printf_dec.o
         6          0          0          0          0          0   _printf_e.o
         6          0          0          0          0          0   _printf_f.o
      1052          0          0          0          0        148   _printf_fp_dec.o
       764          8         38          0          0        100   _printf_fp_hex.o
       128         16          0          0          0         84   _printf_fp_infnan.o
         6          0          0          0          0          0   _printf_g.o
       148          4         40          0          0        160   _printf_hex_int_ll_ptr.o
         6          0          0          0          0          0   _printf_i.o
       178          0          0          0          0         88   _printf_intcommon.o
        10          0          0          0          0          0   _printf_l.o
         6          0          0          0          0          0   _printf_lc.o
        10          0          0          0          0          0   _printf_ll.o
         6          0          0          0          0          0   _printf_lld.o
         6          0          0          0          0          0   _printf_lli.o
         6          0          0          0          0          0   _printf_llo.o
         6          0          0          0          0          0   _printf_llu.o
         6          0          0          0          0          0   _printf_llx.o
       124         16          0          0          0         92   _printf_longlong_dec.o
         6          0          0          0          0          0   _printf_ls.o
         6          0          0          0          0          0   _printf_n.o
         6          0          0          0          0          0   _printf_o.o
       112          8          0          0          0        124   _printf_oct_int_ll.o
         6          0          0          0          0          0   _printf_p.o
        78          0          0          0          0        108   _printf_pad.o
         0          0          0          0          0          0   _printf_percent.o
         4          0          0          0          0          0   _printf_percent_end.o
         6          0          0          0          0          0   _printf_s.o
        82          0          0          0          0         80   _printf_str.o
        36          0          0          0          0         84   _printf_truncate.o
         6          0          0          0          0          0   _printf_u.o
        44          0          0          0          0        108   _printf_wchar.o
       188          6          8          0          0         92   _printf_wctomb.o
         6          0          0          0          0          0   _printf_x.o
       228          4        148          0          0         96   bigflt0.o
      1936        128          0          0          0        668   btod.o
        18          0          0          0          0         80   exit.o
         8          0          0          0          0         68   ferror.o
         6          0          0          0          0        152   heapauxi.o
         0          0          0          0          0          0   indicate_semi.o
        44         10        272          0          0         76   lc_ctype_c.o
        44         10         28          0          0         76   lc_numeric_c.o
         2          0          0          0          0          0   libinit.o
        34          0          0          0          0          0   libinit2.o
         2          0          0          0          0          0   libshutdown.o
         2          0          0          0          0          0   libshutdown2.o
         8          4          0          0         96         68   libspace.o
       138          0          0          0          0         80   lludiv10.o
        24          4          0          0          0         84   printf.o
        16          4          0          0          0         76   rt_ctype_table.o
         8          4          0          0          0         68   rt_locale_intlibspace.o
         2          0          0          0          0          0   rtexit.o
        10          0          0          0          0          0   rtexit2.o
       124          0          0          0          0         88   strcmpv7em.o
        12          4          0          0          0         68   sys_exit.o
        74          0          0          0          0         80   sys_stackheap_outer.o
         2          0          0          0          0         68   use_no_semi.o
        26          0          0          0          0        116   fpinit.o
         4          0          0          0          0        116   printf1.o
         4          0          0          0          0        116   printf2.o
         0          0          0          0          0          0   usenofp.o
        48          0          0          0          0        124   fpclassify.o

    ----------------------------------------------------------------------
      6816        268        552          0         96       4404   Library Totals
        16          0          1          0          0          0   (incl. Padding)

    ----------------------------------------------------------------------

      Code (inc. data)   RO Data    RW Data    ZI Data      Debug   Library Name

      6718        268        551          0         96       3932   c_w.l
        34          0          0          0          0        348   fz_wm.l
        48          0          0          0          0        124   m_wm.l

    ----------------------------------------------------------------------
      6816        268        552          0         96       4404   Library Totals

    ----------------------------------------------------------------------

==============================================================================


      Code (inc. data)   RO Data    RW Data    ZI Data      Debug   

     24532        412       1820          4       1736      48460   Grand Totals
     24532        412       1820          4       1736      48460   ELF Image Totals
     24532        412       1820          4          0          0   ROM Totals

==============================================================================

    Total RO  Size (Code + RO Data)                26352 (  25.73kB)
    Total RW  Size (RW Data + ZI Data)              1740 (   1.70kB)
    Total ROM Size (Code + RO Data + RW Data)      26356 (  25.74kB)

==============================================================================

